#
# There is insufficient memory for the Java Runtime Environment to continue.
# Native memory allocation (malloc) failed to allocate 1541456 bytes. Error detail: Chunk::new
# Possible reasons:
#   The system is out of physical RAM or swap space
#   This process is running with CompressedOops enabled, and the Java Heap may be blocking the growth of the native heap
# Possible solutions:
#   Reduce memory load on the system
#   Increase physical memory or swap space
#   Check if swap backing store is full
#   Decrease Java heap size (-Xmx/-Xms)
#   Decrease number of Java threads
#   Decrease Java thread stack sizes (-Xss)
#   Set larger code cache with -XX:ReservedCodeCacheSize=
#   JVM is running with Zero Based Compressed Oops mode in which the Java heap is
#     placed in the first 32GB address space. The Java Heap base address is the
#     maximum limit for the native heap growth. Please use -XX:HeapBaseMinAddress
#     to set the Java Heap base and to place the Java Heap above 32GB virtual address.
# This output file may be truncated or incomplete.
#
#  Out of Memory Error (arena.cpp:191), pid=39216, tid=44516
#
# JRE version: OpenJDK Runtime Environment Microsoft-13106358 (17.0.18+8) (build 17.0.18+8-LTS)
# Java VM: OpenJDK 64-Bit Server VM Microsoft-13106358 (17.0.18+8-LTS, mixed mode, sharing, tiered, compressed oops, compressed class ptrs, parallel gc, windows-amd64)
# No core dump will be written. Minidumps are not enabled by default on client versions of Windows
#

---------------  S U M M A R Y ------------

Command Line: --add-opens=java.base/java.lang=ALL-UNNAMED --add-opens=java.base/java.lang.invoke=ALL-UNNAMED --add-opens=java.base/java.util=ALL-UNNAMED --add-opens=java.prefs/java.util.prefs=ALL-UNNAMED --add-exports=jdk.compiler/com.sun.tools.javac.api=ALL-UNNAMED --add-exports=jdk.compiler/com.sun.tools.javac.util=ALL-UNNAMED --add-opens=java.base/java.util=ALL-UNNAMED --add-opens=java.prefs/java.util.prefs=ALL-UNNAMED --add-opens=java.base/java.nio.charset=ALL-UNNAMED --add-opens=java.base/java.net=ALL-UNNAMED --add-opens=java.base/java.util.concurrent=ALL-UNNAMED --add-opens=java.base/java.util.concurrent.atomic=ALL-UNNAMED --add-opens=java.xml/javax.xml.namespace=ALL-UNNAMED --add-opens=java.base/java.time=ALL-UNNAMED -XX:+UseParallelGC -XX:MaxMetaspaceSize=2g -XX:+HeapDumpOnOutOfMemoryError -Xmx8g -Dfile.encoding=UTF-8 -Duser.country=US -Duser.language=en -Duser.variant -javaagent:C:\Users\kixaz\.gradle\wrapper\dists\gradle-9.3.1-bin\23ovyewtku6u96viwx3xl3oks\gradle-9.3.1\lib\agents\gradle-instrumentation-agent-9.3.1.jar org.gradle.launcher.daemon.bootstrap.GradleDaemon 9.3.1

Host: Intel(R) Pentium(R) Silver N6000 @ 1.10GHz, 4 cores, 19G,  Windows 11 , 64 bit Build 26100 (10.0.26100.7920)
Time: Mon Mar  9 15:41:21 2026 Eastern Daylight Time elapsed time: 9112.617405 seconds (0d 2h 31m 52s)

---------------  T H R E A D  ---------------

Current thread (0x000001916002e7a0):  JavaThread "C2 CompilerThread0" daemon [_thread_in_native, id=44516, stack(0x0000003e30f00000,0x0000003e31000000)]


Current CompileTask:
C2:9112617 92610       4       org.objectweb.asm.commons.AnalyzerAdapter::execute (1964 bytes)

Stack: [0x0000003e30f00000,0x0000003e31000000]
Native frames: (J=compiled Java code, j=interpreted, Vv=VM code, C=native code)
V  [jvm.dll+0x68c879]  (no source info available)
V  [jvm.dll+0x845979]  (no source info available)
V  [jvm.dll+0x8476e8]  (no source info available)
V  [jvm.dll+0x847d73]  (no source info available)
V  [jvm.dll+0x24cf6f]  (no source info available)
V  [jvm.dll+0xaecb6]  (no source info available)
V  [jvm.dll+0xaf35c]  (no source info available)
V  [jvm.dll+0x3716ff]  (no source info available)
V  [jvm.dll+0x33b985]  (no source info available)
V  [jvm.dll+0x33adea]  (no source info available)
V  [jvm.dll+0x21df29]  (no source info available)
V  [jvm.dll+0x21d36d]  (no source info available)
V  [jvm.dll+0x1a8ce6]  (no source info available)
V  [jvm.dll+0x22db1b]  (no source info available)
V  [jvm.dll+0x22bca6]  (no source info available)
V  [jvm.dll+0x7fbabb]  (no source info available)
V  [jvm.dll+0x7f5ebc]  (no source info available)
V  [jvm.dll+0x68de17]  (no source info available)
C  [ucrtbase.dll+0x37b0]  (no source info available)
C  [KERNEL32.DLL+0x2e8d7]  (no source info available)
C  [ntdll.dll+0x8c48c]  (no source info available)


---------------  P R O C E S S  ---------------

Threads class SMR info:
_java_thread_list=0x000001918eb8add0, length=131, elements={
0x0000019160444b80, 0x00000191604e4150, 0x00000191604e7c90, 0x000001916001e120,
0x0000019160021770, 0x0000019160025530, 0x0000019160026670, 0x000001916002e7a0,
0x000001916002fda0, 0x0000019160047c60, 0x00000191604a6a60, 0x000001917a8a84b0,
0x0000019151ad9c40, 0x00000191513403c0, 0x000001917f7f78d0, 0x000001917a778c30,
0x000001917a776dd0, 0x000001917a7763b0, 0x000001917a7777f0, 0x000001917a7768c0,
0x0000019152e4d900, 0x0000019152e4bfb0, 0x0000019152e4b590, 0x0000019152e51fe0,
0x0000019151fe5700, 0x00000191803dc560, 0x00000191803dca70, 0x00000191803dd490,
0x00000191803dcf80, 0x00000191819a4150, 0x00000191819a8d40, 0x00000191819a9760,
0x00000191819a4660, 0x000001918f193b70, 0x000001918f196e10, 0x000001918f193660,
0x000001918f197320, 0x0000019153b1ac30, 0x0000019151b8a110, 0x0000019151b86e70,
0x0000019182171a60, 0x00000191821742e0, 0x00000191821738c0, 0x0000019182172ea0,
0x0000019180dca940, 0x0000019180dcd6d0, 0x0000019180dcae50, 0x0000019182172480,
0x0000019182171040, 0x000001918f195ee0, 0x000001918f197830, 0x000001918f196900,
0x000001918fe02b30, 0x000001918fe03550, 0x000001918fe02110, 0x000001918fe053b0,
0x000001918fe058c0, 0x000001918fe04ea0, 0x000001918f198760, 0x000001918f1954c0,
0x000001918f19b4f0, 0x000001918f19a5c0, 0x0000019182171f70, 0x000001918fe04480,
0x000001918fe04990, 0x000001919503e310, 0x000001919503d3e0, 0x000001919503ced0,
0x0000019180dcc7a0, 0x0000019180dcb870, 0x000001919503e820, 0x000001918f19ba00,
0x000001919503b580, 0x000001919503d8f0, 0x000001918f19d860, 0x0000019182172990,
0x00000191821733b0, 0x000001918235fec0, 0x000001918f19c420, 0x000001918f19a0b0,
0x000001918f19e280, 0x000001919503bfa0, 0x000001919503c4b0, 0x0000019180dc9f20,
0x000001918f19f6c0, 0x000001918f1a00e0, 0x00000191823603d0, 0x00000191823608e0,
0x000001918235e060, 0x0000019182361300, 0x000001918235e570, 0x000001918235ea80,
0x000001918235f4a0, 0x000001918235ef90, 0x000001918235f9b0, 0x0000019180dcb360,
0x0000019180dcccb0, 0x0000019180dcd1c0, 0x0000019195d81720, 0x0000019195d82b60,
0x000001919503c9c0, 0x00000191811a24a0, 0x00000191811a1570, 0x00000191811a3df0,
0x00000191811a1a80, 0x00000191811a29b0, 0x00000191811a1060, 0x00000191811a2ec0,
0x00000191811a38e0, 0x00000191811a4300, 0x000001918f19eca0, 0x000001918f1a0b00,
0x000001918f19f1b0, 0x000001918f19e790, 0x000001918f1a05f0, 0x000001918f1a1010,
0x00000191811a4810, 0x0000019195d82140, 0x0000019154661500, 0x0000019195d83070,
0x0000019154661a10, 0x00000191952aa3a0, 0x0000019195d802e0, 0x00000191952a8030,
0x000001918f19dd70, 0x000001918f1a2960, 0x0000019154661f20, 0x0000019154662430,
0x000001918f677ad0, 0x00000191952ab7e0, 0x000001918f837e10
}

Java Threads: ( => current thread )
  0x0000019160444b80 JavaThread "main" [_thread_blocked, id=33108, stack(0x0000003e30600000,0x0000003e30700000)]
  0x00000191604e4150 JavaThread "Reference Handler" daemon [_thread_blocked, id=9868, stack(0x0000003e30900000,0x0000003e30a00000)]
  0x00000191604e7c90 JavaThread "Finalizer" daemon [_thread_blocked, id=38012, stack(0x0000003e30a00000,0x0000003e30b00000)]
  0x000001916001e120 JavaThread "Signal Dispatcher" daemon [_thread_blocked, id=32124, stack(0x0000003e30b00000,0x0000003e30c00000)]
  0x0000019160021770 JavaThread "Attach Listener" daemon [_thread_blocked, id=20760, stack(0x0000003e30c00000,0x0000003e30d00000)]
  0x0000019160025530 JavaThread "Service Thread" daemon [_thread_blocked, id=16180, stack(0x0000003e30d00000,0x0000003e30e00000)]
  0x0000019160026670 JavaThread "Monitor Deflation Thread" daemon [_thread_blocked, id=12232, stack(0x0000003e30e00000,0x0000003e30f00000)]
=>0x000001916002e7a0 JavaThread "C2 CompilerThread0" daemon [_thread_in_native, id=44516, stack(0x0000003e30f00000,0x0000003e31000000)]
  0x000001916002fda0 JavaThread "C1 CompilerThread0" daemon [_thread_blocked, id=46532, stack(0x0000003e31000000,0x0000003e31100000)]
  0x0000019160047c60 JavaThread "Sweeper thread" daemon [_thread_blocked, id=48256, stack(0x0000003e31100000,0x0000003e31200000)]
  0x00000191604a6a60 JavaThread "Common-Cleaner" daemon [_thread_blocked, id=47016, stack(0x0000003e31200000,0x0000003e31300000)]
  0x000001917a8a84b0 JavaThread "Notification Thread" daemon [_thread_blocked, id=43820, stack(0x0000003e31300000,0x0000003e31400000)]
  0x0000019151ad9c40 JavaThread "Daemon health stats" [_thread_blocked, id=15156, stack(0x0000003e31800000,0x0000003e31900000)]
  0x00000191513403c0 JavaThread "Incoming local TCP Connector on port 53521" [_thread_in_native, id=36480, stack(0x0000003e31900000,0x0000003e31a00000)]
  0x000001917f7f78d0 JavaThread "Daemon periodic checks" [_thread_blocked, id=27020, stack(0x0000003e31a00000,0x0000003e31b00000)]
  0x000001917a778c30 JavaThread "Cache worker for journal cache (C:\Users\kixaz\.gradle\caches\journal-1)" [_thread_blocked, id=34516, stack(0x0000003e32200000,0x0000003e32300000)]
  0x000001917a776dd0 JavaThread "File lock request listener" [_thread_in_native, id=18948, stack(0x0000003e32300000,0x0000003e32400000)]
  0x000001917a7763b0 JavaThread "Cache worker for file hash cache (C:\Users\kixaz\.gradle\caches\9.3.1\fileHashes)" [_thread_blocked, id=11516, stack(0x0000003e32400000,0x0000003e32500000)]
  0x000001917a7777f0 JavaThread "File watcher server" daemon [_thread_in_native, id=10728, stack(0x0000003e32800000,0x0000003e32900000)]
  0x000001917a7768c0 JavaThread "File watcher consumer" daemon [_thread_blocked, id=9912, stack(0x0000003e32900000,0x0000003e32a00000)]
  0x0000019152e4d900 JavaThread "Cache worker for file content cache (C:\Users\kixaz\.gradle\caches\9.3.1\fileContent)" [_thread_blocked, id=19584, stack(0x0000003e32a00000,0x0000003e32b00000)]
  0x0000019152e4bfb0 JavaThread "jar transforms" [_thread_blocked, id=42316, stack(0x0000003e33300000,0x0000003e33400000)]
  0x0000019152e4b590 JavaThread "jar transforms Thread 2" [_thread_blocked, id=33268, stack(0x0000003e33400000,0x0000003e33500000)]
  0x0000019152e51fe0 JavaThread "Memory manager" [_thread_blocked, id=34144, stack(0x0000003e33e00000,0x0000003e33f00000)]
  0x0000019151fe5700 JavaThread "JNA Cleaner" daemon [_thread_blocked, id=20648, stack(0x0000003e34b00000,0x0000003e34c00000)]
  0x00000191803dc560 JavaThread "DefaultDispatcher-worker-1" daemon [_thread_blocked, id=9252, stack(0x0000003e38200000,0x0000003e38300000)]
  0x00000191803dca70 JavaThread "DefaultDispatcher-worker-2" daemon [_thread_blocked, id=47080, stack(0x0000003e38300000,0x0000003e38400000)]
  0x00000191803dd490 JavaThread "DefaultDispatcher-worker-3" daemon [_thread_blocked, id=11868, stack(0x0000003e38400000,0x0000003e38500000)]
  0x00000191803dcf80 JavaThread "DefaultDispatcher-worker-4" daemon [_thread_blocked, id=28816, stack(0x0000003e38600000,0x0000003e38700000)]
  0x00000191819a4150 JavaThread "Periodic tasks thread" daemon [_thread_blocked, id=15000, stack(0x0000003e34000000,0x0000003e34100000)]
  0x00000191819a8d40 JavaThread "Java2D Disposer" daemon [_thread_blocked, id=40972, stack(0x0000003e38b00000,0x0000003e38c00000)]
  0x00000191819a9760 JavaThread "AWT-Windows" daemon [_thread_in_native, id=29904, stack(0x0000003e38d00000,0x0000003e38e00000)]
  0x00000191819a4660 JavaThread "ApplicationImpl pooled thread 2" [_thread_blocked, id=8484, stack(0x0000003e38a00000,0x0000003e38b00000)]
  0x000001918f193b70 JavaThread "RMI Scheduler(0)" daemon [_thread_blocked, id=15436, stack(0x0000003e36000000,0x0000003e36100000)]
  0x000001918f196e10 JavaThread "RMI GC Daemon" daemon [_thread_blocked, id=37100, stack(0x0000003e38f00000,0x0000003e39000000)]
  0x000001918f193660 JavaThread "RMI TCP Accept-0" daemon [_thread_in_native, id=17920, stack(0x0000003e39200000,0x0000003e39300000)]
  0x000001918f197320 JavaThread "RMI Reaper" [_thread_blocked, id=47140, stack(0x0000003e39300000,0x0000003e39400000)]
  0x0000019153b1ac30 JavaThread "Cache worker for Java compile cache (C:\Users\kixaz\.gradle\caches\9.3.1\javaCompile)" [_thread_blocked, id=20424, stack(0x0000003e36500000,0x0000003e36600000)]
  0x0000019151b8a110 JavaThread "jar transforms Thread 3" [_thread_blocked, id=30084, stack(0x0000003e37b00000,0x0000003e37c00000)]
  0x0000019151b86e70 JavaThread "jar transforms Thread 4" [_thread_blocked, id=21120, stack(0x0000003e38800000,0x0000003e38900000)]
  0x0000019182171a60 JavaThread "Daemon Thread 12" [_thread_blocked, id=13092, stack(0x0000003e30500000,0x0000003e30600000)]
  0x00000191821742e0 JavaThread "Handler for socket connection from /127.0.0.1:53521 to /127.0.0.1:54428" [_thread_in_native, id=24780, stack(0x0000003e31b00000,0x0000003e31c00000)]
  0x00000191821738c0 JavaThread "Cancel handler" [_thread_blocked, id=39972, stack(0x0000003e31c00000,0x0000003e31d00000)]
  0x0000019182172ea0 JavaThread "Daemon worker Thread 12" [_thread_blocked, id=45348, stack(0x0000003e31d00000,0x0000003e31e00000)]
  0x0000019180dca940 JavaThread "Asynchronous log dispatcher for DefaultDaemonConnection: socket connection from /127.0.0.1:53521 to /127.0.0.1:54428" [_thread_blocked, id=9152, stack(0x0000003e31e00000,0x0000003e31f00000)]
  0x0000019180dcd6d0 JavaThread "Stdin handler" [_thread_blocked, id=49512, stack(0x0000003e31f00000,0x0000003e32000000)]
  0x0000019180dcae50 JavaThread "Daemon client event forwarder" [_thread_blocked, id=41492, stack(0x0000003e32000000,0x0000003e32100000)]
  0x0000019182172480 JavaThread "Cache worker for file hash cache (C:\Users\kixaz\Meshtastic-Android\.gradle\9.3.1\fileHashes)" [_thread_blocked, id=42584, stack(0x0000003e32100000,0x0000003e32200000)]
  0x0000019182171040 JavaThread "Cache worker for Build Output Cleanup Cache (C:\Users\kixaz\Meshtastic-Android\.gradle\buildOutputCleanup)" [_thread_blocked, id=11292, stack(0x0000003e32500000,0x0000003e32600000)]
  0x000001918f195ee0 JavaThread "Cache worker for checksums cache (C:\Users\kixaz\Meshtastic-Android\.gradle\9.3.1\checksums)" [_thread_blocked, id=22676, stack(0x0000003e32600000,0x0000003e32700000)]
  0x000001918f197830 JavaThread "Cache worker for cache directory md-supplier (C:\Users\kixaz\.gradle\caches\9.3.1\md-supplier)" [_thread_blocked, id=34968, stack(0x0000003e32700000,0x0000003e32800000)]
  0x000001918f196900 JavaThread "Cache worker for cache directory md-rule (C:\Users\kixaz\.gradle\caches\9.3.1\md-rule)" [_thread_blocked, id=17392, stack(0x0000003e32b00000,0x0000003e32c00000)]
  0x000001918fe02b30 JavaThread "Cache worker for Build Output Cleanup Cache (C:\Users\kixaz\Meshtastic-Android\build-logic\.gradle\buildOutputCleanup)" [_thread_blocked, id=30804, stack(0x0000003e32c00000,0x0000003e32d00000)]
  0x000001918fe03550 JavaThread "Unconstrained build operations" [_thread_blocked, id=44320, stack(0x0000003e32d00000,0x0000003e32e00000)]
  0x000001918fe02110 JavaThread "Unconstrained build operations Thread 2" [_thread_blocked, id=29896, stack(0x0000003e32e00000,0x0000003e32f00000)]
  0x000001918fe053b0 JavaThread "Unconstrained build operations Thread 3" [_thread_blocked, id=29196, stack(0x0000003e32f00000,0x0000003e33000000)]
  0x000001918fe058c0 JavaThread "Unconstrained build operations Thread 4" [_thread_blocked, id=13368, stack(0x0000003e33000000,0x0000003e33100000)]
  0x000001918fe04ea0 JavaThread "Unconstrained build operations Thread 5" [_thread_blocked, id=16220, stack(0x0000003e33100000,0x0000003e33200000)]
  0x000001918f198760 JavaThread "Unconstrained build operations Thread 6" [_thread_blocked, id=36620, stack(0x0000003e33200000,0x0000003e33300000)]
  0x000001918f1954c0 JavaThread "Unconstrained build operations Thread 7" [_thread_blocked, id=28616, stack(0x0000003e33500000,0x0000003e33600000)]
  0x000001918f19b4f0 JavaThread "Unconstrained build operations Thread 8" [_thread_blocked, id=23404, stack(0x0000003e33600000,0x0000003e33700000)]
  0x000001918f19a5c0 JavaThread "build event listener" [_thread_blocked, id=8944, stack(0x0000003e33700000,0x0000003e33800000)]
  0x0000019182171f70 JavaThread "Problems report writer" [_thread_blocked, id=22492, stack(0x0000003e33800000,0x0000003e33900000)]
  0x000001918fe04480 JavaThread "Unconstrained build operations Thread 9" [_thread_blocked, id=49544, stack(0x0000003e33900000,0x0000003e33a00000)]
  0x000001918fe04990 JavaThread "Unconstrained build operations Thread 10" [_thread_blocked, id=13000, stack(0x0000003e33a00000,0x0000003e33b00000)]
  0x000001919503e310 JavaThread "Unconstrained build operations Thread 11" [_thread_blocked, id=33156, stack(0x0000003e33b00000,0x0000003e33c00000)]
  0x000001919503d3e0 JavaThread "Unconstrained build operations Thread 12" [_thread_blocked, id=43920, stack(0x0000003e33c00000,0x0000003e33d00000)]
  0x000001919503ced0 JavaThread "Unconstrained build operations Thread 13" [_thread_blocked, id=35300, stack(0x0000003e33d00000,0x0000003e33e00000)]
  0x0000019180dcc7a0 JavaThread "gradle-enterprise-worker-11" [_thread_blocked, id=29340, stack(0x0000003e33f00000,0x0000003e34000000)]
  0x0000019180dcb870 JavaThread "Develocity resource usage" daemon [_thread_blocked, id=24788, stack(0x0000003e34100000,0x0000003e34200000)]
  0x000001919503e820 JavaThread "included builds" [_thread_blocked, id=39444, stack(0x0000003e34400000,0x0000003e34500000)]
  0x000001918f19ba00 JavaThread "Execution worker" [_thread_blocked, id=41816, stack(0x0000003e34500000,0x0000003e34600000)]
  0x000001919503b580 JavaThread "Execution worker Thread 2" [_thread_in_native, id=24656, stack(0x0000003e34600000,0x0000003e34700000)]
  0x000001919503d8f0 JavaThread "Execution worker Thread 3" [_thread_in_Java, id=39124, stack(0x0000003e34700000,0x0000003e34800000)]
  0x000001918f19d860 JavaThread "Cache worker for execution history cache (C:\Users\kixaz\Meshtastic-Android\build-logic\.gradle\9.3.1\executionHistory)" [_thread_blocked, id=5152, stack(0x0000003e34800000,0x0000003e34900000)]
  0x0000019182172990 JavaThread "Unconstrained build operations Thread 14" [_thread_blocked, id=15148, stack(0x0000003e34900000,0x0000003e34a00000)]
  0x00000191821733b0 JavaThread "Unconstrained build operations Thread 15" [_thread_blocked, id=27904, stack(0x0000003e34a00000,0x0000003e34b00000)]
  0x000001918235fec0 JavaThread "Unconstrained build operations Thread 16" [_thread_blocked, id=28568, stack(0x0000003e34d00000,0x0000003e34e00000)]
  0x000001918f19c420 JavaThread "Unconstrained build operations Thread 17" [_thread_blocked, id=33444, stack(0x0000003e34e00000,0x0000003e34f00000)]
  0x000001918f19a0b0 JavaThread "Unconstrained build operations Thread 18" [_thread_blocked, id=3584, stack(0x0000003e35000000,0x0000003e35100000)]
  0x000001918f19e280 JavaThread "Unconstrained build operations Thread 19" [_thread_blocked, id=47832, stack(0x0000003e35200000,0x0000003e35300000)]
  0x000001919503bfa0 JavaThread "Unconstrained build operations Thread 20" [_thread_blocked, id=11824, stack(0x0000003e35300000,0x0000003e35400000)]
  0x000001919503c4b0 JavaThread "Unconstrained build operations Thread 21" [_thread_blocked, id=46848, stack(0x0000003e35400000,0x0000003e35500000)]
  0x0000019180dc9f20 JavaThread "ForkJoinPool.commonPool-worker-32" daemon [_thread_blocked, id=21708, stack(0x0000003e35500000,0x0000003e35600000)]
  0x000001918f19f6c0 JavaThread "ForkJoinPool.commonPool-worker-33" daemon [_thread_blocked, id=13532, stack(0x0000003e35600000,0x0000003e35700000)]
  0x000001918f1a00e0 JavaThread "ForkJoinPool.commonPool-worker-34" daemon [_thread_blocked, id=22728, stack(0x0000003e35700000,0x0000003e35800000)]
  0x00000191823603d0 JavaThread "Unconstrained build operations Thread 22" [_thread_blocked, id=23752, stack(0x0000003e35800000,0x0000003e35900000)]
  0x00000191823608e0 JavaThread "Unconstrained build operations Thread 23" [_thread_blocked, id=19004, stack(0x0000003e35900000,0x0000003e35a00000)]
  0x000001918235e060 JavaThread "Unconstrained build operations Thread 24" [_thread_blocked, id=46364, stack(0x0000003e35a00000,0x0000003e35b00000)]
  0x0000019182361300 JavaThread "Unconstrained build operations Thread 25" [_thread_blocked, id=46164, stack(0x0000003e35b00000,0x0000003e35c00000)]
  0x000001918235e570 JavaThread "Unconstrained build operations Thread 26" [_thread_blocked, id=25316, stack(0x0000003e35c00000,0x0000003e35d00000)]
  0x000001918235ea80 JavaThread "Unconstrained build operations Thread 27" [_thread_blocked, id=44508, stack(0x0000003e35d00000,0x0000003e35e00000)]
  0x000001918235f4a0 JavaThread "Unconstrained build operations Thread 28" [_thread_blocked, id=43816, stack(0x0000003e35e00000,0x0000003e35f00000)]
  0x000001918235ef90 JavaThread "Unconstrained build operations Thread 29" [_thread_blocked, id=24580, stack(0x0000003e35f00000,0x0000003e36000000)]
  0x000001918235f9b0 JavaThread "Unconstrained build operations Thread 30" [_thread_blocked, id=21932, stack(0x0000003e36100000,0x0000003e36200000)]
  0x0000019180dcb360 JavaThread "Unconstrained build operations Thread 31" [_thread_blocked, id=51084, stack(0x0000003e36200000,0x0000003e36300000)]
  0x0000019180dcccb0 JavaThread "Unconstrained build operations Thread 32" [_thread_blocked, id=20612, stack(0x0000003e36300000,0x0000003e36400000)]
  0x0000019180dcd1c0 JavaThread "Unconstrained build operations Thread 33" [_thread_blocked, id=48920, stack(0x0000003e36400000,0x0000003e36500000)]
  0x0000019195d81720 JavaThread "build event listener" [_thread_blocked, id=28652, stack(0x0000003e36600000,0x0000003e36700000)]
  0x0000019195d82b60 JavaThread "build event listener" [_thread_blocked, id=47232, stack(0x0000003e36700000,0x0000003e36800000)]
  0x000001919503c9c0 JavaThread "Resource Usage Collector SystemCpu" daemon [_thread_blocked, id=14420, stack(0x0000003e36b00000,0x0000003e36c00000)]
  0x00000191811a24a0 JavaThread "Resource Usage Collector Monitoring 0" daemon [_thread_blocked, id=48276, stack(0x0000003e36c00000,0x0000003e36d00000)]
  0x00000191811a1570 JavaThread "Resource Usage Collector Memory" daemon [_thread_blocked, id=21612, stack(0x0000003e36d00000,0x0000003e36e00000)]
  0x00000191811a3df0 JavaThread "Resource Usage Collector Monitoring 1" daemon [_thread_blocked, id=17868, stack(0x0000003e36e00000,0x0000003e36f00000)]
  0x00000191811a1a80 JavaThread "Resource Usage Collector NetworkSpeed" daemon [_thread_blocked, id=8460, stack(0x0000003e36f00000,0x0000003e37000000)]
  0x00000191811a29b0 JavaThread "Resource Usage Collector Monitoring 2" daemon [_thread_blocked, id=23436, stack(0x0000003e37000000,0x0000003e37100000)]
  0x00000191811a1060 JavaThread "Resource Usage Collector DiskSpeed" daemon [_thread_blocked, id=29112, stack(0x0000003e37100000,0x0000003e37200000)]
  0x00000191811a2ec0 JavaThread "Resource Usage Collector Monitoring 3" daemon [_thread_blocked, id=26332, stack(0x0000003e37200000,0x0000003e37300000)]
  0x00000191811a38e0 JavaThread "Resource Usage Collector Processes" daemon [_thread_blocked, id=24160, stack(0x0000003e37300000,0x0000003e37400000)]
  0x00000191811a4300 JavaThread "Resource Usage Collector Monitoring 4" daemon [_thread_blocked, id=44120, stack(0x0000003e37400000,0x0000003e37500000)]
  0x000001918f19eca0 JavaThread "Unconstrained build operations Thread 34" [_thread_blocked, id=40896, stack(0x0000003e37500000,0x0000003e37600000)]
  0x000001918f1a0b00 JavaThread "Unconstrained build operations Thread 35" [_thread_blocked, id=31884, stack(0x0000003e37600000,0x0000003e37700000)]
  0x000001918f19f1b0 JavaThread "Unconstrained build operations Thread 36" [_thread_blocked, id=16068, stack(0x0000003e37700000,0x0000003e37800000)]
  0x000001918f19e790 JavaThread "Unconstrained build operations Thread 37" [_thread_blocked, id=22968, stack(0x0000003e37800000,0x0000003e37900000)]
  0x000001918f1a05f0 JavaThread "Unconstrained build operations Thread 38" [_thread_blocked, id=47872, stack(0x0000003e37900000,0x0000003e37a00000)]
  0x000001918f1a1010 JavaThread "Unconstrained build operations Thread 39" [_thread_blocked, id=50764, stack(0x0000003e37a00000,0x0000003e37b00000)]
  0x00000191811a4810 JavaThread "Cache worker for execution history cache (C:\Users\kixaz\Meshtastic-Android\.gradle\9.3.1\executionHistory)" [_thread_blocked, id=18096, stack(0x0000003e37d00000,0x0000003e37e00000)]
  0x0000019195d82140 JavaThread "Unconstrained build operations Thread 40" [_thread_blocked, id=25104, stack(0x0000003e37e00000,0x0000003e37f00000)]
  0x0000019154661500 JavaThread "WorkerExecutor Queue" [_thread_blocked, id=39092, stack(0x0000003e37c00000,0x0000003e37d00000)]
  0x0000019195d83070 JavaThread "WorkerExecutor Queue Thread 2" [_thread_blocked, id=12600, stack(0x0000003e37f00000,0x0000003e38000000)]
  0x0000019154661a10 JavaThread "WorkerExecutor Queue Thread 3" [_thread_blocked, id=26320, stack(0x0000003e38000000,0x0000003e38100000)]
  0x00000191952aa3a0 JavaThread "RMI RenewClean-[127.0.0.1:17112,org.jetbrains.kotlin.daemon.common.LoopbackNetworkInterface$ClientLoopbackSocketFactory@6455726c]" daemon [_thread_blocked, id=48596, stack(0x0000003e38100000,0x0000003e38200000)]
  0x0000019195d802e0 JavaThread "WorkerExecutor Queue Thread 4" [_thread_blocked, id=42788, stack(0x0000003e38900000,0x0000003e38a00000)]
  0x00000191952a8030 JavaThread "RMI RenewClean-[127.0.0.1:17112,org.jetbrains.kotlin.daemon.common.LoopbackNetworkInterface$ClientLoopbackSocketFactory@77e5434d]" daemon [_thread_blocked, id=38164, stack(0x0000003e38c00000,0x0000003e38d00000)]
  0x000001918f19dd70 JavaThread "RMI TCP Connection(idle)" daemon [_thread_blocked, id=42420, stack(0x0000003e39000000,0x0000003e39100000)]
  0x000001918f1a2960 JavaThread "RMI TCP Connection(100)-127.0.0.1" daemon [_thread_in_native, id=7484, stack(0x0000003e30300000,0x0000003e30400000)]
  0x0000019154661f20 JavaThread "Build operations" [_thread_blocked, id=14884, stack(0x0000003e30400000,0x0000003e30500000)]
  0x0000019154662430 JavaThread "Build operations Thread 2" [_thread_blocked, id=50220, stack(0x0000003e34200000,0x0000003e34300000)]
  0x000001918f677ad0 JavaThread "Build operations Thread 3" [_thread_blocked, id=17632, stack(0x0000003e36800000,0x0000003e36900000)]
  0x00000191952ab7e0 JavaThread "Build operations Thread 4" [_thread_blocked, id=11908, stack(0x0000003e36900000,0x0000003e36a00000)]
  0x000001918f837e10 JavaThread "C2 CompilerThread1" daemon [_thread_blocked, id=43568, stack(0x0000003e36a00000,0x0000003e36b00000)]

Other Threads:
  0x00000191604dfac0 VMThread "VM Thread" [stack: 0x0000003e30800000,0x0000003e30900000] [id=6648]
  0x000001917a8a9900 WatcherThread [stack: 0x0000003e31400000,0x0000003e31500000] [id=35056]
  0x000001916045b5c0 GCTaskThread "GC Thread#0" [stack: 0x0000003e30700000,0x0000003e30800000] [id=15080]
  0x000001915150e670 GCTaskThread "GC Thread#1" [stack: 0x0000003e31500000,0x0000003e31600000] [id=16112]
  0x000001917a98ca20 GCTaskThread "GC Thread#2" [stack: 0x0000003e31600000,0x0000003e31700000] [id=12832]
  0x0000019151046380 GCTaskThread "GC Thread#3" [stack: 0x0000003e31700000,0x0000003e31800000] [id=8296]

Threads with active compile tasks:
C2 CompilerThread0  9112919 92610       4       org.objectweb.asm.commons.AnalyzerAdapter::execute (1964 bytes)

VM state: not at safepoint (normal execution)

VM Mutex/Monitor currently owned by a thread: None

Heap address: 0x0000000600000000, size: 8192 MB, Compressed Oops mode: Zero based, Oop shift amount: 3

CDS archive(s) mapped at: [0x0000019110000000-0x0000019110bb0000-0x0000019110bb0000), size 12255232, SharedBaseAddress: 0x0000019110000000, ArchiveRelocationMode: 1.
Compressed class space mapped at: 0x0000019111000000-0x0000019151000000, reserved size: 1073741824
Narrow klass base: 0x0000019110000000, Narrow klass shift: 0, Narrow klass range: 0x100000000

GC Precious Log:
 CPUs: 4 total, 4 available
 Memory: 20289M
 Large Page Support: Disabled
 NUMA Support: Disabled
 Compressed Oops: Enabled (Zero based)
 Alignments: Space 512K, Generation 512K, Heap 2M
 Heap Min Capacity: 8M
 Heap Initial Capacity: 318M
 Heap Max Capacity: 8G
 Pre-touch: Disabled
 Parallel Workers: 4

Heap:
 PSYoungGen      total 2267136K, used 1048789K [0x0000000755580000, 0x00000007fc880000, 0x0000000800000000)
  eden space 1786880K, 53% used [0x0000000755580000,0x0000000790008d88,0x00000007c2680000)
  from space 480256K, 18% used [0x00000007df380000,0x00000007e492c800,0x00000007fc880000)
  to   space 472064K, 0% used [0x00000007c2680000,0x00000007c2680000,0x00000007df380000)
 ParOldGen       total 1742848K, used 1536939K [0x0000000600000000, 0x000000066a600000, 0x0000000755580000)
  object space 1742848K, 88% used [0x0000000600000000,0x000000065dceaf60,0x000000066a600000)
 Metaspace       used 426176K, committed 430976K, reserved 1441792K
  class space    used 53618K, committed 56000K, reserved 1048576K

Card table byte_map: [0x0000019176fb0000,0x0000019177fc0000] _byte_map_base: 0x0000019173fb0000

Marking Bits: (ParMarkBitMap*) 0x00007ffb80ab4c40
 Begin Bits: [0x0000019100000000, 0x0000019108000000)
 End Bits:   [0x0000019108000000, 0x0000019110000000)

Polling page: 0x000001915e6a0000

Metaspace:

Usage:
  Non-class:    363.83 MB used.
      Class:     52.36 MB used.
       Both:    416.19 MB used.

Virtual space:
  Non-class space:      384.00 MB reserved,     366.19 MB ( 95%) committed,  6 nodes.
      Class space:        1.00 GB reserved,      54.69 MB (  5%) committed,  1 nodes.
             Both:        1.38 GB reserved,     420.88 MB ( 30%) committed. 

Chunk freelists:
   Non-Class:  1.03 MB
       Class:  9.12 MB
        Both:  10.16 MB

MaxMetaspaceSize: 2.00 GB
CompressedClassSpaceSize: 1.00 GB
Initial GC threshold: 21.00 MB
Current GC threshold: 641.81 MB
CDS: on
MetaspaceReclaimPolicy: balanced
 - commit_granule_bytes: 65536.
 - commit_granule_words: 8192.
 - virtual_space_node_default_size: 8388608.
 - enlarge_chunks_in_place: 1.
 - new_chunks_are_fully_committed: 0.
 - uncommit_free_chunks: 1.
 - use_allocation_guard: 0.
 - handle_deallocations: 1.


Internal statistics:

num_allocs_failed_limit: 12.
num_arena_births: 9558.
num_arena_deaths: 1062.
num_vsnodes_births: 7.
num_vsnodes_deaths: 0.
num_space_committed: 7924.
num_space_uncommitted: 1194.
num_chunks_returned_to_freelist: 5573.
num_chunks_taken_from_freelist: 33318.
num_chunk_merges: 2110.
num_chunk_splits: 21920.
num_chunks_enlarged: 13818.
num_inconsistent_stats: 0.

CodeHeap 'non-profiled nmethods': size=120000Kb used=101616Kb max_used=101616Kb free=18383Kb
 bounds [0x000001916fa80000, 0x0000019175dc0000, 0x0000019176fb0000]
CodeHeap 'profiled nmethods': size=120000Kb used=95584Kb max_used=114817Kb free=24415Kb
 bounds [0x0000019167fb0000, 0x000001916f040000, 0x000001916f4e0000]
CodeHeap 'non-nmethods': size=5760Kb used=2189Kb max_used=2283Kb free=3570Kb
 bounds [0x000001916f4e0000, 0x000001916f750000, 0x000001916fa80000]
 total_blobs=63487 nmethods=62112 adapters=1287
 compilation: enabled
              stopped_count=0, restarted_count=0
 full_count=0

Compilation events (20 events):
Event: 9112.427 Thread 0x000001916002fda0 92651       3       org.objectweb.asm.SymbolTable::addConstantUtf8 (98 bytes)
Event: 9112.428 Thread 0x000001916002fda0 nmethod 92651 0x00000191696a6490 code [0x00000191696a66c0, 0x00000191696a6c98]
Event: 9112.433 Thread 0x000001916002fda0 92652       3       org.objectweb.asm.tree.MethodInsnNode::accept (30 bytes)
Event: 9112.434 Thread 0x000001916002fda0 nmethod 92652 0x00000191687c5790 code [0x00000191687c5940, 0x00000191687c5b98]
Event: 9112.472 Thread 0x000001918f837e10 nmethod 92628 0x0000019175dabc90 code [0x0000019175dabfe0, 0x0000019175dae218]
Event: 9112.473 Thread 0x000001918f837e10 92646       4       org.objectweb.asm.ClassReader::readUtf (44 bytes)
Event: 9112.483 Thread 0x000001916002fda0 92655       3       org.objectweb.asm.Type::getSize (86 bytes)
Event: 9112.483 Thread 0x000001916002fda0 nmethod 92655 0x0000019168535810 code [0x00000191685359e0, 0x0000019168535d68]
Event: 9112.491 Thread 0x000001918f837e10 nmethod 92646 0x0000019175daf890 code [0x0000019175dafa60, 0x0000019175db0418]
Event: 9112.492 Thread 0x000001918f837e10 92621       4       org.objectweb.asm.ClassReader::readVerificationTypeInfo (184 bytes)
Event: 9112.502 Thread 0x000001916002fda0 92656       3       org.objectweb.asm.MethodWriter::visitLabel (332 bytes)
Event: 9112.504 Thread 0x000001916002fda0 nmethod 92656 0x0000019169214f10 code [0x0000019169215160, 0x0000019169215b48]
Event: 9112.505 Thread 0x000001916002fda0 92657       2       org.objectweb.asm.Label::resolve (259 bytes)
Event: 9112.506 Thread 0x000001916002fda0 nmethod 92657 0x0000019168214410 code [0x00000191682145e0, 0x0000019168214a38]
Event: 9112.512 Thread 0x000001916002fda0 92660       1       org.objectweb.asm.MethodWriter::hasAsmInstructions (5 bytes)
Event: 9112.513 Thread 0x000001916002fda0 nmethod 92660 0x0000019175db0a90 code [0x0000019175db0c20, 0x0000019175db0cf8]
Event: 9112.549 Thread 0x000001918f837e10 nmethod 92621 0x0000019175db0d90 code [0x0000019175db0fc0, 0x0000019175db2138]
Event: 9112.550 Thread 0x000001918f837e10 92607       4       org.objectweb.asm.ClassReader::readClass (7 bytes)
Event: 9112.575 Thread 0x000001918f837e10 nmethod 92607 0x0000019175db2e90 code [0x0000019175db3060, 0x0000019175db3b18]
Event: 9112.575 Thread 0x000001918f837e10 92659       4       org.objectweb.asm.commons.AnalyzerAdapter::push (32 bytes)

GC Heap History (20 events):
Event: 6235.179 GC heap before
{Heap before GC invocations=162 (full 13):
 PSYoungGen      total 2132480K, used 1839394K [0x0000000755580000, 0x0000000800000000, 0x0000000800000000)
  eden space 1473024K, 100% used [0x0000000755580000,0x00000007af400000,0x00000007af400000)
  from space 659456K, 55% used [0x00000007d7c00000,0x00000007ee1c88c0,0x0000000800000000)
  to   space 661504K, 0% used [0x00000007af400000,0x00000007af400000,0x00000007d7a00000)
 ParOldGen       total 1510912K, used 1206891K [0x0000000600000000, 0x000000065c380000, 0x0000000755580000)
  object space 1510912K, 79% used [0x0000000600000000,0x0000000649a9ae60,0x000000065c380000)
 Metaspace       used 407427K, committed 411968K, reserved 1441792K
  class space    used 51479K, committed 53632K, reserved 1048576K
}
Event: 6235.236 GC heap after
{Heap after GC invocations=162 (full 13):
 PSYoungGen      total 1490944K, used 17635K [0x0000000755580000, 0x0000000800000000, 0x0000000800000000)
  eden space 1473024K, 0% used [0x0000000755580000,0x0000000755580000,0x00000007af400000)
  from space 17920K, 98% used [0x00000007af400000,0x00000007b0538c50,0x00000007b0580000)
  to   space 663040K, 0% used [0x00000007d7880000,0x00000007d7880000,0x0000000800000000)
 ParOldGen       total 1510912K, used 1288618K [0x0000000600000000, 0x000000065c380000, 0x0000000755580000)
  object space 1510912K, 85% used [0x0000000600000000,0x000000064ea6ab70,0x000000065c380000)
 Metaspace       used 407427K, committed 411968K, reserved 1441792K
  class space    used 51479K, committed 53632K, reserved 1048576K
}
Event: 6426.901 GC heap before
{Heap before GC invocations=163 (full 14):
 PSYoungGen      total 1490944K, used 1490659K [0x0000000755580000, 0x0000000800000000, 0x0000000800000000)
  eden space 1473024K, 100% used [0x0000000755580000,0x00000007af400000,0x00000007af400000)
  from space 17920K, 98% used [0x00000007af400000,0x00000007b0538c50,0x00000007b0580000)
  to   space 663040K, 0% used [0x00000007d7880000,0x00000007d7880000,0x0000000800000000)
 ParOldGen       total 1510912K, used 1288618K [0x0000000600000000, 0x000000065c380000, 0x0000000755580000)
  object space 1510912K, 85% used [0x0000000600000000,0x000000064ea6ab70,0x000000065c380000)
 Metaspace       used 407799K, committed 412352K, reserved 1441792K
  class space    used 51506K, committed 53696K, reserved 1048576K
}
Event: 6429.911 GC heap after
{Heap after GC invocations=163 (full 14):
 PSYoungGen      total 2132992K, used 0K [0x0000000755580000, 0x0000000800000000, 0x0000000800000000)
  eden space 1469952K, 0% used [0x0000000755580000,0x0000000755580000,0x00000007af100000)
  from space 663040K, 0% used [0x00000007d7880000,0x00000007d7880000,0x0000000800000000)
  to   space 663040K, 0% used [0x00000007af100000,0x00000007af100000,0x00000007d7880000)
 ParOldGen       total 1742848K, used 903038K [0x0000000600000000, 0x000000066a600000, 0x0000000755580000)
  object space 1742848K, 51% used [0x0000000600000000,0x00000006371dfbc8,0x000000066a600000)
 Metaspace       used 388363K, committed 394304K, reserved 1441792K
  class space    used 49036K, committed 51584K, reserved 1048576K
}
Event: 7694.847 GC heap before
{Heap before GC invocations=164 (full 14):
 PSYoungGen      total 2132992K, used 1469952K [0x0000000755580000, 0x0000000800000000, 0x0000000800000000)
  eden space 1469952K, 100% used [0x0000000755580000,0x00000007af100000,0x00000007af100000)
  from space 663040K, 0% used [0x00000007d7880000,0x00000007d7880000,0x0000000800000000)
  to   space 663040K, 0% used [0x00000007af100000,0x00000007af100000,0x00000007d7880000)
 ParOldGen       total 1742848K, used 903038K [0x0000000600000000, 0x000000066a600000, 0x0000000755580000)
  object space 1742848K, 51% used [0x0000000600000000,0x00000006371dfbc8,0x000000066a600000)
 Metaspace       used 388455K, committed 394304K, reserved 1441792K
  class space    used 49038K, committed 51584K, reserved 1048576K
}
Event: 7694.977 GC heap after
{Heap after GC invocations=164 (full 14):
 PSYoungGen      total 1558528K, used 88522K [0x0000000755580000, 0x00000007fdf00000, 0x0000000800000000)
  eden space 1469952K, 0% used [0x0000000755580000,0x0000000755580000,0x00000007af100000)
  from space 88576K, 99% used [0x00000007af100000,0x00000007b47729f8,0x00000007b4780000)
  to   space 646144K, 0% used [0x00000007d6800000,0x00000007d6800000,0x00000007fdf00000)
 ParOldGen       total 1742848K, used 903038K [0x0000000600000000, 0x000000066a600000, 0x0000000755580000)
  object space 1742848K, 51% used [0x0000000600000000,0x00000006371dfbc8,0x000000066a600000)
 Metaspace       used 388455K, committed 394304K, reserved 1441792K
  class space    used 49038K, committed 51584K, reserved 1048576K
}
Event: 7708.547 GC heap before
{Heap before GC invocations=165 (full 14):
 PSYoungGen      total 1558528K, used 1558474K [0x0000000755580000, 0x00000007fdf00000, 0x0000000800000000)
  eden space 1469952K, 100% used [0x0000000755580000,0x00000007af100000,0x00000007af100000)
  from space 88576K, 99% used [0x00000007af100000,0x00000007b47729f8,0x00000007b4780000)
  to   space 646144K, 0% used [0x00000007d6800000,0x00000007d6800000,0x00000007fdf00000)
 ParOldGen       total 1742848K, used 903038K [0x0000000600000000, 0x000000066a600000, 0x0000000755580000)
  object space 1742848K, 51% used [0x0000000600000000,0x00000006371dfbc8,0x000000066a600000)
 Metaspace       used 388967K, committed 394304K, reserved 1441792K
  class space    used 49102K, committed 51584K, reserved 1048576K
}
Event: 7708.872 GC heap after
{Heap after GC invocations=165 (full 14):
 PSYoungGen      total 2150400K, used 175369K [0x0000000755580000, 0x0000000800000000, 0x0000000800000000)
  eden space 1504256K, 0% used [0x0000000755580000,0x0000000755580000,0x00000007b1280000)
  from space 646144K, 27% used [0x00000007d6800000,0x00000007e13425d8,0x00000007fdf00000)
  to   space 611840K, 0% used [0x00000007b1280000,0x00000007b1280000,0x00000007d6800000)
 ParOldGen       total 1742848K, used 960184K [0x0000000600000000, 0x000000066a600000, 0x0000000755580000)
  object space 1742848K, 55% used [0x0000000600000000,0x000000063a9ae1a0,0x000000066a600000)
 Metaspace       used 388967K, committed 394304K, reserved 1441792K
  class space    used 49102K, committed 51584K, reserved 1048576K
}
Event: 7732.565 GC heap before
{Heap before GC invocations=166 (full 14):
 PSYoungGen      total 2150400K, used 1679625K [0x0000000755580000, 0x0000000800000000, 0x0000000800000000)
  eden space 1504256K, 100% used [0x0000000755580000,0x00000007b1280000,0x00000007b1280000)
  from space 646144K, 27% used [0x00000007d6800000,0x00000007e13425d8,0x00000007fdf00000)
  to   space 611840K, 0% used [0x00000007b1280000,0x00000007b1280000,0x00000007d6800000)
 ParOldGen       total 1742848K, used 960184K [0x0000000600000000, 0x000000066a600000, 0x0000000755580000)
  object space 1742848K, 55% used [0x0000000600000000,0x000000063a9ae1a0,0x000000066a600000)
 Metaspace       used 403563K, committed 408064K, reserved 1441792K
  class space    used 50903K, committed 53120K, reserved 1048576K
}
Event: 7733.024 GC heap after
{Heap after GC invocations=166 (full 14):
 PSYoungGen      total 2116096K, used 179089K [0x0000000755580000, 0x00000007f9e80000, 0x0000000800000000)
  eden space 1504256K, 0% used [0x0000000755580000,0x0000000755580000,0x00000007b1280000)
  from space 611840K, 29% used [0x00000007b1280000,0x00000007bc164580,0x00000007d6800000)
  to   space 579072K, 0% used [0x00000007d6900000,0x00000007d6900000,0x00000007f9e80000)
 ParOldGen       total 1742848K, used 1117126K [0x0000000600000000, 0x000000066a600000, 0x0000000755580000)
  object space 1742848K, 64% used [0x0000000600000000,0x00000006442f1aa0,0x000000066a600000)
 Metaspace       used 403563K, committed 408064K, reserved 1441792K
  class space    used 50903K, committed 53120K, reserved 1048576K
}
Event: 8318.235 GC heap before
{Heap before GC invocations=167 (full 14):
 PSYoungGen      total 2116096K, used 1683345K [0x0000000755580000, 0x00000007f9e80000, 0x0000000800000000)
  eden space 1504256K, 100% used [0x0000000755580000,0x00000007b1280000,0x00000007b1280000)
  from space 611840K, 29% used [0x00000007b1280000,0x00000007bc164580,0x00000007d6800000)
  to   space 579072K, 0% used [0x00000007d6900000,0x00000007d6900000,0x00000007f9e80000)
 ParOldGen       total 1742848K, used 1117126K [0x0000000600000000, 0x000000066a600000, 0x0000000755580000)
  object space 1742848K, 64% used [0x0000000600000000,0x00000006442f1aa0,0x000000066a600000)
 Metaspace       used 407778K, committed 412352K, reserved 1441792K
  class space    used 51447K, committed 53696K, reserved 1048576K
}
Event: 8318.459 GC heap after
{Heap after GC invocations=167 (full 14):
 PSYoungGen      total 2135552K, used 107000K [0x0000000755580000, 0x00000007fbc00000, 0x0000000800000000)
  eden space 1556480K, 0% used [0x0000000755580000,0x0000000755580000,0x00000007b4580000)
  from space 579072K, 18% used [0x00000007d6900000,0x00000007dd17e230,0x00000007f9e80000)
  to   space 560640K, 0% used [0x00000007b4580000,0x00000007b4580000,0x00000007d6900000)
 ParOldGen       total 1742848K, used 1136604K [0x0000000600000000, 0x000000066a600000, 0x0000000755580000)
  object space 1742848K, 65% used [0x0000000600000000,0x00000006455f7010,0x000000066a600000)
 Metaspace       used 407778K, committed 412352K, reserved 1441792K
  class space    used 51447K, committed 53696K, reserved 1048576K
}
Event: 8333.363 GC heap before
{Heap before GC invocations=168 (full 14):
 PSYoungGen      total 2135552K, used 1663480K [0x0000000755580000, 0x00000007fbc00000, 0x0000000800000000)
  eden space 1556480K, 100% used [0x0000000755580000,0x00000007b4580000,0x00000007b4580000)
  from space 579072K, 18% used [0x00000007d6900000,0x00000007dd17e230,0x00000007f9e80000)
  to   space 560640K, 0% used [0x00000007b4580000,0x00000007b4580000,0x00000007d6900000)
 ParOldGen       total 1742848K, used 1136604K [0x0000000600000000, 0x000000066a600000, 0x0000000755580000)
  object space 1742848K, 65% used [0x0000000600000000,0x00000006455f7010,0x000000066a600000)
 Metaspace       used 408144K, committed 412736K, reserved 1441792K
  class space    used 51495K, committed 53760K, reserved 1048576K
}
Event: 8333.700 GC heap after
{Heap after GC invocations=168 (full 14):
 PSYoungGen      total 2117120K, used 185315K [0x0000000755580000, 0x00000007faf00000, 0x0000000800000000)
  eden space 1556480K, 0% used [0x0000000755580000,0x0000000755580000,0x00000007b4580000)
  from space 560640K, 33% used [0x00000007b4580000,0x00000007bfa78d98,0x00000007d6900000)
  to   space 528384K, 0% used [0x00000007dab00000,0x00000007dab00000,0x00000007faf00000)
 ParOldGen       total 1742848K, used 1180454K [0x0000000600000000, 0x000000066a600000, 0x0000000755580000)
  object space 1742848K, 67% used [0x0000000600000000,0x00000006480c98f0,0x000000066a600000)
 Metaspace       used 408144K, committed 412736K, reserved 1441792K
  class space    used 51495K, committed 53760K, reserved 1048576K
}
Event: 8382.908 GC heap before
{Heap before GC invocations=169 (full 14):
 PSYoungGen      total 2117120K, used 1741795K [0x0000000755580000, 0x00000007faf00000, 0x0000000800000000)
  eden space 1556480K, 100% used [0x0000000755580000,0x00000007b4580000,0x00000007b4580000)
  from space 560640K, 33% used [0x00000007b4580000,0x00000007bfa78d98,0x00000007d6900000)
  to   space 528384K, 0% used [0x00000007dab00000,0x00000007dab00000,0x00000007faf00000)
 ParOldGen       total 1742848K, used 1182208K [0x0000000600000000, 0x000000066a600000, 0x0000000755580000)
  object space 1742848K, 67% used [0x0000000600000000,0x0000000648280050,0x000000066a600000)
 Metaspace       used 416050K, committed 420672K, reserved 1441792K
  class space    used 52435K, committed 54720K, reserved 1048576K
}
Event: 8383.492 GC heap after
{Heap after GC invocations=169 (full 14):
 PSYoungGen      total 2161152K, used 78515K [0x0000000755580000, 0x00000007f9800000, 0x0000000800000000)
  eden space 1656320K, 0% used [0x0000000755580000,0x0000000755580000,0x00000007ba700000)
  from space 504832K, 15% used [0x00000007dab00000,0x00000007df7acee8,0x00000007f9800000)
  to   space 516608K, 0% used [0x00000007ba700000,0x00000007ba700000,0x00000007d9f80000)
 ParOldGen       total 1742848K, used 1337648K [0x0000000600000000, 0x000000066a600000, 0x0000000755580000)
  object space 1742848K, 76% used [0x0000000600000000,0x0000000651a4c1a8,0x000000066a600000)
 Metaspace       used 416050K, committed 420672K, reserved 1441792K
  class space    used 52435K, committed 54720K, reserved 1048576K
}
Event: 8993.912 GC heap before
{Heap before GC invocations=170 (full 14):
 PSYoungGen      total 2161152K, used 1734835K [0x0000000755580000, 0x00000007f9800000, 0x0000000800000000)
  eden space 1656320K, 100% used [0x0000000755580000,0x00000007ba700000,0x00000007ba700000)
  from space 504832K, 15% used [0x00000007dab00000,0x00000007df7acee8,0x00000007f9800000)
  to   space 516608K, 0% used [0x00000007ba700000,0x00000007ba700000,0x00000007d9f80000)
 ParOldGen       total 1742848K, used 1337649K [0x0000000600000000, 0x000000066a600000, 0x0000000755580000)
  object space 1742848K, 76% used [0x0000000600000000,0x0000000651a4c7b0,0x000000066a600000)
 Metaspace       used 416432K, committed 421184K, reserved 1441792K
  class space    used 52484K, committed 54848K, reserved 1048576K
}
Event: 8994.310 GC heap after
{Heap after GC invocations=170 (full 14):
 PSYoungGen      total 2172928K, used 186547K [0x0000000755580000, 0x00000007fcc80000, 0x0000000800000000)
  eden space 1656320K, 0% used [0x0000000755580000,0x0000000755580000,0x00000007ba700000)
  from space 516608K, 36% used [0x00000007ba700000,0x00000007c5d2cc90,0x00000007d9f80000)
  to   space 484352K, 0% used [0x00000007df380000,0x00000007df380000,0x00000007fcc80000)
 ParOldGen       total 1742848K, used 1373820K [0x0000000600000000, 0x000000066a600000, 0x0000000755580000)
  object space 1742848K, 78% used [0x0000000600000000,0x0000000653d9f2d0,0x000000066a600000)
 Metaspace       used 416432K, committed 421184K, reserved 1441792K
  class space    used 52484K, committed 54848K, reserved 1048576K
}
Event: 9045.391 GC heap before
{Heap before GC invocations=171 (full 14):
 PSYoungGen      total 2172928K, used 1842867K [0x0000000755580000, 0x00000007fcc80000, 0x0000000800000000)
  eden space 1656320K, 100% used [0x0000000755580000,0x00000007ba700000,0x00000007ba700000)
  from space 516608K, 36% used [0x00000007ba700000,0x00000007c5d2cc90,0x00000007d9f80000)
  to   space 484352K, 0% used [0x00000007df380000,0x00000007df380000,0x00000007fcc80000)
 ParOldGen       total 1742848K, used 1373820K [0x0000000600000000, 0x000000066a600000, 0x0000000755580000)
  object space 1742848K, 78% used [0x0000000600000000,0x0000000653d9f2d0,0x000000066a600000)
 Metaspace       used 424563K, committed 429376K, reserved 1441792K
  class space    used 53462K, committed 55872K, reserved 1048576K
}
Event: 9046.111 GC heap after
{Heap after GC invocations=171 (full 14):
 PSYoungGen      total 2267136K, used 87730K [0x0000000755580000, 0x00000007fc880000, 0x0000000800000000)
  eden space 1786880K, 0% used [0x0000000755580000,0x0000000755580000,0x00000007c2680000)
  from space 480256K, 18% used [0x00000007df380000,0x00000007e492c800,0x00000007fc880000)
  to   space 472064K, 0% used [0x00000007c2680000,0x00000007c2680000,0x00000007df380000)
 ParOldGen       total 1742848K, used 1536939K [0x0000000600000000, 0x000000066a600000, 0x0000000755580000)
  object space 1742848K, 88% used [0x0000000600000000,0x000000065dceaf60,0x000000066a600000)
 Metaspace       used 424563K, committed 429376K, reserved 1441792K
  class space    used 53462K, committed 55872K, reserved 1048576K
}

Dll operation events (18 events):
Event: 0.058 Loaded shared library C:\Users\kixaz\.jdks\ms-17.0.18\bin\java.dll
Event: 0.092 Loaded shared library C:\Users\kixaz\.jdks\ms-17.0.18\bin\jsvml.dll
Event: 0.209 Loaded shared library C:\Users\kixaz\.jdks\ms-17.0.18\bin\zip.dll
Event: 0.218 Loaded shared library C:\Users\kixaz\.jdks\ms-17.0.18\bin\instrument.dll
Event: 0.263 Loaded shared library C:\Users\kixaz\.jdks\ms-17.0.18\bin\net.dll
Event: 0.294 Loaded shared library C:\Users\kixaz\.jdks\ms-17.0.18\bin\nio.dll
Event: 0.300 Loaded shared library C:\Users\kixaz\.jdks\ms-17.0.18\bin\zip.dll
Event: 0.926 Loaded shared library C:\Users\kixaz\.jdks\ms-17.0.18\bin\jimage.dll
Event: 1.480 Loaded shared library C:\Users\kixaz\.jdks\ms-17.0.18\bin\verify.dll
Event: 1.583 Loaded shared library C:\Users\kixaz\.gradle\native\660c5614fbf4a5f2a75b1949f50a0caf5cd603558e7d8a26e50b933a0cfb79d1\windows-amd64\native-platform.dll
Event: 1.661 Loaded shared library C:\Users\kixaz\.gradle\native\0.2.8\x86_64-windows-gnu\gradle-fileevents.dll
Event: 13.675 Loaded shared library C:\Users\kixaz\.jdks\ms-17.0.18\bin\management.dll
Event: 13.705 Loaded shared library C:\Users\kixaz\.jdks\ms-17.0.18\bin\management_ext.dll
Event: 14.848 Loaded shared library C:\Users\kixaz\.jdks\ms-17.0.18\bin\extnet.dll
Event: 15.666 Loaded shared library C:\Users\kixaz\.jdks\ms-17.0.18\bin\sunmscapi.dll
Event: 48.999 Loaded shared library C:\Users\kixaz\AppData\Local\Temp\jna-102063251\jna4206051223840221515.dll
Event: 294.282 Loaded shared library C:\Users\kixaz\.jdks\ms-17.0.18\bin\awt.dll
Event: 396.418 Loaded shared library C:\Users\kixaz\.jdks\ms-17.0.18\bin\rmi.dll

Deoptimization events (20 events):
Event: 9112.082 Thread 0x0000019195d802e0 Uncommon trap: trap_request=0xffffff45 fr.pc=0x0000019175d9ff3c relative=0x00000000000007dc
Event: 9112.082 Thread 0x0000019195d802e0 Uncommon trap: reason=unstable_if action=reinterpret pc=0x0000019175d9ff3c method=org.objectweb.asm.ClassReader.readUtf(II[C)Ljava/lang/String; @ 69 c2
Event: 9112.082 Thread 0x0000019195d802e0 DEOPT PACKING pc=0x0000019175d9ff3c sp=0x0000003e389fe410
Event: 9112.082 Thread 0x0000019195d802e0 DEOPT UNPACKING pc=0x000001916f53669d sp=0x0000003e389fe348 mode 2
Event: 9112.280 Thread 0x0000019195d802e0 Uncommon trap: trap_request=0xffffffde fr.pc=0x0000019175da3d40 relative=0x0000000000000400
Event: 9112.280 Thread 0x0000019195d802e0 Uncommon trap: reason=class_check action=maybe_recompile pc=0x0000019175da3d40 method=org.objectweb.asm.Frame.getAbstractTypeFromApiFormat(Lorg/objectweb/asm/SymbolTable;Ljava/lang/Object;)I @ 19 c2
Event: 9112.280 Thread 0x0000019195d802e0 DEOPT PACKING pc=0x0000019175da3d40 sp=0x0000003e389fdce0
Event: 9112.280 Thread 0x0000019195d802e0 DEOPT UNPACKING pc=0x000001916f53669d sp=0x0000003e389fdca8 mode 2
Event: 9112.281 Thread 0x0000019195d802e0 Uncommon trap: trap_request=0xffffffde fr.pc=0x0000019175da3d40 relative=0x0000000000000400
Event: 9112.281 Thread 0x0000019195d802e0 Uncommon trap: reason=class_check action=maybe_recompile pc=0x0000019175da3d40 method=org.objectweb.asm.Frame.getAbstractTypeFromApiFormat(Lorg/objectweb/asm/SymbolTable;Ljava/lang/Object;)I @ 19 c2
Event: 9112.281 Thread 0x0000019195d802e0 DEOPT PACKING pc=0x0000019175da3d40 sp=0x0000003e389fdce0
Event: 9112.281 Thread 0x0000019195d802e0 DEOPT UNPACKING pc=0x000001916f53669d sp=0x0000003e389fdca8 mode 2
Event: 9112.281 Thread 0x0000019195d802e0 Uncommon trap: trap_request=0xffffffde fr.pc=0x0000019175da3d40 relative=0x0000000000000400
Event: 9112.281 Thread 0x0000019195d802e0 Uncommon trap: reason=class_check action=maybe_recompile pc=0x0000019175da3d40 method=org.objectweb.asm.Frame.getAbstractTypeFromApiFormat(Lorg/objectweb/asm/SymbolTable;Ljava/lang/Object;)I @ 19 c2
Event: 9112.281 Thread 0x0000019195d802e0 DEOPT PACKING pc=0x0000019175da3d40 sp=0x0000003e389fdce0
Event: 9112.281 Thread 0x0000019195d802e0 DEOPT UNPACKING pc=0x000001916f53669d sp=0x0000003e389fdca8 mode 2
Event: 9112.281 Thread 0x0000019195d802e0 Uncommon trap: trap_request=0xffffffde fr.pc=0x0000019175da3d40 relative=0x0000000000000400
Event: 9112.281 Thread 0x0000019195d802e0 Uncommon trap: reason=class_check action=maybe_recompile pc=0x0000019175da3d40 method=org.objectweb.asm.Frame.getAbstractTypeFromApiFormat(Lorg/objectweb/asm/SymbolTable;Ljava/lang/Object;)I @ 19 c2
Event: 9112.281 Thread 0x0000019195d802e0 DEOPT PACKING pc=0x0000019175da3d40 sp=0x0000003e389fdce0
Event: 9112.281 Thread 0x0000019195d802e0 DEOPT UNPACKING pc=0x000001916f53669d sp=0x0000003e389fdca8 mode 2

Classes loaded (20 events):
Event: 1918.730 Loading class javax/management/MBeanException done
Event: 1918.730 Loading class javax/management/MBeanRegistrationException done
Event: 1918.730 Loading class javax/management/NotCompliantMBeanException
Event: 1918.731 Loading class javax/management/NotCompliantMBeanException done
Event: 1918.731 Loading class javax/management/AttributeNotFoundException
Event: 1918.731 Loading class javax/management/AttributeNotFoundException done
Event: 1918.732 Loading class javax/management/ReflectionException
Event: 1918.732 Loading class javax/management/ReflectionException done
Event: 1918.732 Loading class javax/management/InstanceNotFoundException
Event: 1918.732 Loading class javax/management/InstanceNotFoundException done
Event: 1918.822 Loading class java/nio/channels/CancelledKeyException
Event: 1918.822 Loading class java/nio/channels/CancelledKeyException done
Event: 1919.634 Loading class java/nio/channels/AsynchronousCloseException
Event: 1919.634 Loading class java/nio/channels/AsynchronousCloseException done
Event: 1919.640 Loading class sun/nio/ch/SocketChannelImpl$DefaultOptionsHolder
Event: 1919.641 Loading class sun/nio/ch/SocketChannelImpl$DefaultOptionsHolder done
Event: 1920.641 Loading class sun/net/ConnectionResetException
Event: 1920.642 Loading class sun/net/ConnectionResetException done
Event: 4662.639 Loading class java/util/concurrent/ForkJoinPool$DefaultForkJoinWorkerThreadFactory$1
Event: 4662.640 Loading class java/util/concurrent/ForkJoinPool$DefaultForkJoinWorkerThreadFactory$1 done

Classes unloaded (20 events):
Event: 6427.835 Thread 0x00000191604dfac0 Unloading class 0x0000019113b2b800 'java/lang/invoke/LambdaForm$MH+0x0000019113b2b800'
Event: 6427.835 Thread 0x00000191604dfac0 Unloading class 0x0000019113b2b400 'java/lang/invoke/LambdaForm$MH+0x0000019113b2b400'
Event: 6427.835 Thread 0x00000191604dfac0 Unloading class 0x0000019113b2b000 'java/lang/invoke/LambdaForm$MH+0x0000019113b2b000'
Event: 6427.835 Thread 0x00000191604dfac0 Unloading class 0x0000019113b2ac00 'java/lang/invoke/LambdaForm$MH+0x0000019113b2ac00'
Event: 6427.835 Thread 0x00000191604dfac0 Unloading class 0x0000019113b2a800 'java/lang/invoke/LambdaForm$MH+0x0000019113b2a800'
Event: 6427.835 Thread 0x00000191604dfac0 Unloading class 0x0000019113b2a400 'java/lang/invoke/LambdaForm$MH+0x0000019113b2a400'
Event: 6427.835 Thread 0x00000191604dfac0 Unloading class 0x0000019113b2a000 'java/lang/invoke/LambdaForm$MH+0x0000019113b2a000'
Event: 6427.835 Thread 0x00000191604dfac0 Unloading class 0x0000019113b29c00 'java/lang/invoke/LambdaForm$MH+0x0000019113b29c00'
Event: 6427.835 Thread 0x00000191604dfac0 Unloading class 0x0000019113b29800 'java/lang/invoke/LambdaForm$MH+0x0000019113b29800'
Event: 6427.835 Thread 0x00000191604dfac0 Unloading class 0x0000019113b29400 'java/lang/invoke/LambdaForm$MH+0x0000019113b29400'
Event: 6427.835 Thread 0x00000191604dfac0 Unloading class 0x0000019113b29000 'java/lang/invoke/LambdaForm$MH+0x0000019113b29000'
Event: 6427.835 Thread 0x00000191604dfac0 Unloading class 0x0000019113b28c00 'java/lang/invoke/LambdaForm$MH+0x0000019113b28c00'
Event: 6427.835 Thread 0x00000191604dfac0 Unloading class 0x0000019113b28800 'java/lang/invoke/LambdaForm$MH+0x0000019113b28800'
Event: 6427.835 Thread 0x00000191604dfac0 Unloading class 0x0000019113b28400 'java/lang/invoke/LambdaForm$MH+0x0000019113b28400'
Event: 6427.835 Thread 0x00000191604dfac0 Unloading class 0x00000191131d3c00 'java/lang/invoke/LambdaForm$MH+0x00000191131d3c00'
Event: 6427.835 Thread 0x00000191604dfac0 Unloading class 0x00000191131d3800 'java/lang/invoke/LambdaForm$MH+0x00000191131d3800'
Event: 6427.835 Thread 0x00000191604dfac0 Unloading class 0x00000191131d3400 'java/lang/invoke/LambdaForm$MH+0x00000191131d3400'
Event: 6427.835 Thread 0x00000191604dfac0 Unloading class 0x00000191131d5800 'java/lang/invoke/LambdaForm$MH+0x00000191131d5800'
Event: 6427.835 Thread 0x00000191604dfac0 Unloading class 0x00000191131d5400 'java/lang/invoke/LambdaForm$MH+0x00000191131d5400'
Event: 6427.835 Thread 0x00000191604dfac0 Unloading class 0x00000191131d5000 'java/lang/invoke/LambdaForm$MH+0x00000191131d5000'

Classes redefined (0 events):
No events

Internal exceptions (20 events):
Event: 9105.443 Thread 0x000001919503b580 Exception <a 'sun/nio/fs/WindowsException'{0x000000078174d010}> (0x000000078174d010) 
thrown [s\src\hotspot\share\prims\jni.cpp, line 516]
Event: 9108.740 Thread 0x000001919503b580 Exception <a 'sun/nio/fs/WindowsException'{0x0000000785f55a80}> (0x0000000785f55a80) 
thrown [s\src\hotspot\share\prims\jni.cpp, line 516]
Event: 9108.741 Thread 0x000001919503b580 Exception <a 'sun/nio/fs/WindowsException'{0x0000000785f570b8}> (0x0000000785f570b8) 
thrown [s\src\hotspot\share\prims\jni.cpp, line 516]
Event: 9108.850 Thread 0x000001919503b580 Exception <a 'sun/nio/fs/WindowsException'{0x00000007864aea90}> (0x00000007864aea90) 
thrown [s\src\hotspot\share\prims\jni.cpp, line 516]
Event: 9111.065 Thread 0x000001919503b580 Exception <a 'sun/nio/fs/WindowsException'{0x0000000788c89888}> (0x0000000788c89888) 
thrown [s\src\hotspot\share\prims\jni.cpp, line 516]
Event: 9111.072 Thread 0x000001919503b580 Exception <a 'sun/nio/fs/WindowsException'{0x0000000788c8b128}> (0x0000000788c8b128) 
thrown [s\src\hotspot\share\prims\jni.cpp, line 516]
Event: 9111.075 Thread 0x000001919503b580 Exception <a 'sun/nio/fs/WindowsException'{0x0000000788c8cce0}> (0x0000000788c8cce0) 
thrown [s\src\hotspot\share\prims\jni.cpp, line 516]
Event: 9111.077 Thread 0x000001919503b580 Exception <a 'sun/nio/fs/WindowsException'{0x0000000788c8e888}> (0x0000000788c8e888) 
thrown [s\src\hotspot\share\prims\jni.cpp, line 516]
Event: 9111.080 Thread 0x000001919503b580 Exception <a 'sun/nio/fs/WindowsException'{0x0000000788c90428}> (0x0000000788c90428) 
thrown [s\src\hotspot\share\prims\jni.cpp, line 516]
Event: 9111.083 Thread 0x000001919503b580 Exception <a 'sun/nio/fs/WindowsException'{0x0000000788c91fc8}> (0x0000000788c91fc8) 
thrown [s\src\hotspot\share\prims\jni.cpp, line 516]
Event: 9111.085 Thread 0x000001919503b580 Exception <a 'sun/nio/fs/WindowsException'{0x0000000788c93bb0}> (0x0000000788c93bb0) 
thrown [s\src\hotspot\share\prims\jni.cpp, line 516]
Event: 9111.088 Thread 0x000001919503b580 Exception <a 'sun/nio/fs/WindowsException'{0x0000000788c957b0}> (0x0000000788c957b0) 
thrown [s\src\hotspot\share\prims\jni.cpp, line 516]
Event: 9111.091 Thread 0x000001919503b580 Exception <a 'sun/nio/fs/WindowsException'{0x0000000788c972b0}> (0x0000000788c972b0) 
thrown [s\src\hotspot\share\prims\jni.cpp, line 516]
Event: 9111.093 Thread 0x000001919503b580 Exception <a 'sun/nio/fs/WindowsException'{0x0000000788c98d98}> (0x0000000788c98d98) 
thrown [s\src\hotspot\share\prims\jni.cpp, line 516]
Event: 9111.096 Thread 0x000001919503b580 Exception <a 'sun/nio/fs/WindowsException'{0x0000000788c9a8c8}> (0x0000000788c9a8c8) 
thrown [s\src\hotspot\share\prims\jni.cpp, line 516]
Event: 9111.099 Thread 0x000001919503b580 Exception <a 'sun/nio/fs/WindowsException'{0x0000000788c9c350}> (0x0000000788c9c350) 
thrown [s\src\hotspot\share\prims\jni.cpp, line 516]
Event: 9111.341 Thread 0x000001919503e820 Exception <a 'sun/nio/fs/WindowsException'{0x00000007899e6200}> (0x00000007899e6200) 
thrown [s\src\hotspot\share\prims\jni.cpp, line 516]
Event: 9111.341 Thread 0x000001919503c4b0 Exception <a 'sun/nio/fs/WindowsException'{0x0000000789d3b040}> (0x0000000789d3b040) 
thrown [s\src\hotspot\share\prims\jni.cpp, line 516]
Event: 9111.382 Thread 0x000001919503e820 Exception <a 'sun/nio/fs/WindowsException'{0x0000000789acaac8}> (0x0000000789acaac8) 
thrown [s\src\hotspot\share\prims\jni.cpp, line 516]
Event: 9111.389 Thread 0x000001919503c4b0 Exception <a 'sun/nio/fs/WindowsException'{0x0000000789dfcc60}> (0x0000000789dfcc60) 
thrown [s\src\hotspot\share\prims\jni.cpp, line 516]

VM Operations (20 events):
Event: 9083.239 Executing VM operation: HandshakeAllThreads
Event: 9083.240 Executing VM operation: HandshakeAllThreads done
Event: 9091.265 Executing VM operation: Cleanup
Event: 9091.265 Executing VM operation: Cleanup done
Event: 9093.266 Executing VM operation: Cleanup
Event: 9093.266 Executing VM operation: Cleanup done
Event: 9094.267 Executing VM operation: Cleanup
Event: 9094.267 Executing VM operation: Cleanup done
Event: 9099.269 Executing VM operation: Cleanup
Event: 9099.269 Executing VM operation: Cleanup done
Event: 9101.270 Executing VM operation: Cleanup
Event: 9101.270 Executing VM operation: Cleanup done
Event: 9103.270 Executing VM operation: Cleanup
Event: 9103.271 Executing VM operation: Cleanup done
Event: 9104.271 Executing VM operation: Cleanup
Event: 9104.271 Executing VM operation: Cleanup done
Event: 9106.271 Executing VM operation: Cleanup
Event: 9106.272 Executing VM operation: Cleanup done
Event: 9112.275 Executing VM operation: Cleanup
Event: 9112.275 Executing VM operation: Cleanup done

Memory protections (0 events):
No events

Nmethod flushes (20 events):
Event: 8340.272 Thread 0x0000019160047c60 flushing  nmethod 0x000001916c5ae890
Event: 8340.272 Thread 0x0000019160047c60 flushing  nmethod 0x000001916c5d1f90
Event: 8340.273 Thread 0x0000019160047c60 flushing  nmethod 0x000001916c710b90
Event: 8340.273 Thread 0x0000019160047c60 flushing  nmethod 0x000001916c71dd10
Event: 8340.273 Thread 0x0000019160047c60 flushing  nmethod 0x000001916c7ddb90
Event: 8340.276 Thread 0x0000019160047c60 flushing  nmethod 0x000001916c8e7310
Event: 8340.277 Thread 0x0000019160047c60 flushing  nmethod 0x000001916c9d1010
Event: 8340.277 Thread 0x0000019160047c60 flushing  nmethod 0x000001916ca73c10
Event: 8340.277 Thread 0x0000019160047c60 flushing  nmethod 0x000001916ca98710
Event: 8340.278 Thread 0x0000019160047c60 flushing  nmethod 0x000001916cba0f10
Event: 8340.278 Thread 0x0000019160047c60 flushing  nmethod 0x000001916cba6a90
Event: 8340.278 Thread 0x0000019160047c60 flushing  nmethod 0x000001916cbb0710
Event: 8340.278 Thread 0x0000019160047c60 flushing  nmethod 0x000001916cbc3310
Event: 8340.278 Thread 0x0000019160047c60 flushing  nmethod 0x000001916cbc5490
Event: 8340.278 Thread 0x0000019160047c60 flushing  nmethod 0x000001916cbc8c10
Event: 8340.278 Thread 0x0000019160047c60 flushing  nmethod 0x000001916cc28610
Event: 8340.279 Thread 0x0000019160047c60 flushing  nmethod 0x000001916ccd9b10
Event: 8340.298 Thread 0x0000019160047c60 flushing  nmethod 0x000001916e292590
Event: 8340.299 Thread 0x0000019160047c60 flushing  nmethod 0x000001916e30b690
Event: 8340.308 Thread 0x0000019160047c60 flushing  nmethod 0x000001916ef86a90

Events (20 events):
Event: 9000.661 Thread 0x000001918f19ba00 Thread added: 0x0000019195d83070
Event: 9008.424 Thread 0x000001919503d8f0 Thread added: 0x0000019154661a10
Event: 9008.452 Thread 0x0000019154661500 Thread added: 0x00000191952aa3a0
Event: 9010.650 Thread 0x000001918f19ba00 Thread added: 0x0000019195d802e0
Event: 9010.668 Thread 0x0000019195d83070 Thread added: 0x00000191952a8030
Event: 9012.918 Thread 0x000001918f193660 Thread added: 0x000001918f1a1520
Event: 9012.924 Thread 0x000001918f193660 Thread added: 0x000001918f19dd70
Event: 9013.846 Thread 0x000001919503ba90 Thread exited: 0x000001919503ba90
Event: 9042.830 Thread 0x0000019182360df0 Thread exited: 0x0000019182360df0
Event: 9042.876 Thread 0x00000191952aa8b0 Thread exited: 0x00000191952aa8b0
Event: 9042.880 Thread 0x0000019195d81c30 Thread exited: 0x0000019195d81c30
Event: 9083.518 Thread 0x00000191821747f0 Thread exited: 0x00000191821747f0
Event: 9085.843 Thread 0x0000019180dcc290 Thread exited: 0x0000019180dcc290
Event: 9087.995 Thread 0x000001918f1a1520 Thread exited: 0x000001918f1a1520
Event: 9089.119 Thread 0x000001918f193660 Thread added: 0x000001918f1a2960
Event: 9089.846 Thread 0x000001919503e820 Thread added: 0x0000019154661f20
Event: 9089.847 Thread 0x000001919503e820 Thread added: 0x0000019154662430
Event: 9089.847 Thread 0x000001919503e820 Thread added: 0x000001918f677ad0
Event: 9101.913 Thread 0x000001919503e820 Thread added: 0x00000191952ab7e0
Event: 9112.312 Thread 0x000001916002fda0 Thread added: 0x000001918f837e10


Dynamic libraries:
0x00007ff7805a0000 - 0x00007ff7805ae000 	C:\Users\kixaz\.jdks\ms-17.0.18\bin\java.exe
0x00007ffc5ad20000 - 0x00007ffc5af87000 	C:\WINDOWS\SYSTEM32\ntdll.dll
0x00007ffc43730000 - 0x00007ffc43750000 	C:\Program Files\Avast Software\Avast\aswhook.dll
0x00007ffc59fb0000 - 0x00007ffc5a079000 	C:\WINDOWS\System32\KERNEL32.DLL
0x00007ffc57600000 - 0x00007ffc579f1000 	C:\WINDOWS\System32\KERNELBASE.dll
0x00007ffc57a00000 - 0x00007ffc57b4b000 	C:\WINDOWS\System32\ucrtbase.dll
0x00007ffc14f00000 - 0x00007ffc14f18000 	C:\Users\kixaz\.jdks\ms-17.0.18\bin\jli.dll
0x00007ffc5ab10000 - 0x00007ffc5acd5000 	C:\WINDOWS\System32\USER32.dll
0x00007ffc57e40000 - 0x00007ffc57e67000 	C:\WINDOWS\System32\win32u.dll
0x00007ffc5a080000 - 0x00007ffc5a0ab000 	C:\WINDOWS\System32\GDI32.dll
0x00007ffc58990000 - 0x00007ffc58aba000 	C:\WINDOWS\System32\gdi32full.dll
0x00007ffc57d90000 - 0x00007ffc57e33000 	C:\WINDOWS\System32\msvcp_win.dll
0x00007ffc14420000 - 0x00007ffc1443e000 	C:\Users\kixaz\.jdks\ms-17.0.18\bin\VCRUNTIME140.dll
0x00007ffc3ed20000 - 0x00007ffc3efb3000 	C:\WINDOWS\WinSxS\amd64_microsoft.windows.common-controls_6595b64144ccf1df_6.0.26100.7922_none_3e089e1ee3342171\COMCTL32.dll
0x00007ffc5a450000 - 0x00007ffc5a4f9000 	C:\WINDOWS\System32\msvcrt.dll
0x00007ffc58e90000 - 0x00007ffc58ec1000 	C:\WINDOWS\System32\IMM32.DLL
0x00007ffc27c60000 - 0x00007ffc27c6c000 	C:\Users\kixaz\.jdks\ms-17.0.18\bin\vcruntime140_1.dll
0x00007ffc0c4d0000 - 0x00007ffc0c559000 	C:\Users\kixaz\.jdks\ms-17.0.18\bin\msvcp140.dll
0x00007ffb7ff00000 - 0x00007ffb80b7a000 	C:\Users\kixaz\.jdks\ms-17.0.18\bin\server\jvm.dll
0x00007ffc58d60000 - 0x00007ffc58e1b000 	C:\WINDOWS\System32\ADVAPI32.dll
0x00007ffc58cb0000 - 0x00007ffc58d57000 	C:\WINDOWS\System32\sechost.dll
0x00007ffc5a0c0000 - 0x00007ffc5a1d8000 	C:\WINDOWS\System32\RPCRT4.dll
0x00007ffc5a240000 - 0x00007ffc5a2b4000 	C:\WINDOWS\System32\WS2_32.dll
0x00007ffc57460000 - 0x00007ffc574be000 	C:\WINDOWS\SYSTEM32\POWRPROF.dll
0x00007ffc50db0000 - 0x00007ffc50dbb000 	C:\WINDOWS\SYSTEM32\VERSION.dll
0x00007ffc50440000 - 0x00007ffc50475000 	C:\WINDOWS\SYSTEM32\WINMM.dll
0x00007ffc57440000 - 0x00007ffc57454000 	C:\WINDOWS\SYSTEM32\UMPDC.dll
0x00007ffc56350000 - 0x00007ffc5636b000 	C:\WINDOWS\SYSTEM32\kernel.appcore.dll
0x00007ffc26120000 - 0x00007ffc2612a000 	C:\Users\kixaz\.jdks\ms-17.0.18\bin\jimage.dll
0x00007ffc55490000 - 0x00007ffc556d2000 	C:\WINDOWS\SYSTEM32\DBGHELP.DLL
0x00007ffc598e0000 - 0x00007ffc59c62000 	C:\WINDOWS\System32\combase.dll
0x00007ffc59d30000 - 0x00007ffc59e07000 	C:\WINDOWS\System32\OLEAUT32.dll
0x00007ffc4a300000 - 0x00007ffc4a33b000 	C:\WINDOWS\SYSTEM32\dbgcore.DLL
0x00007ffc58850000 - 0x00007ffc588f5000 	C:\WINDOWS\System32\bcryptPrimitives.dll
0x00007ffc25fd0000 - 0x00007ffc25fdf000 	C:\Users\kixaz\.jdks\ms-17.0.18\bin\instrument.dll
0x00007ffc0c5e0000 - 0x00007ffc0c606000 	C:\Users\kixaz\.jdks\ms-17.0.18\bin\java.dll
0x00007ffbe1cd0000 - 0x00007ffbe1da6000 	C:\Users\kixaz\.jdks\ms-17.0.18\bin\jsvml.dll
0x00007ffc58ed0000 - 0x00007ffc5962f000 	C:\WINDOWS\System32\SHELL32.dll
0x00007ffc57e70000 - 0x00007ffc57fda000 	C:\WINDOWS\System32\wintypes.dll
0x00007ffc57fe0000 - 0x00007ffc58844000 	C:\WINDOWS\System32\windows.storage.dll
0x00007ffc5a2c0000 - 0x00007ffc5a3b7000 	C:\WINDOWS\System32\SHCORE.dll
0x00007ffc58e20000 - 0x00007ffc58e87000 	C:\WINDOWS\System32\shlwapi.dll
0x00007ffc57520000 - 0x00007ffc57549000 	C:\WINDOWS\SYSTEM32\profapi.dll
0x00007ffc0c860000 - 0x00007ffc0c878000 	C:\Users\kixaz\.jdks\ms-17.0.18\bin\zip.dll
0x00007ffc089f0000 - 0x00007ffc08a0b000 	C:\Users\kixaz\.jdks\ms-17.0.18\bin\net.dll
0x00007ffc4f500000 - 0x00007ffc4f627000 	C:\WINDOWS\SYSTEM32\WINHTTP.dll
0x00007ffc568b0000 - 0x00007ffc5691b000 	C:\WINDOWS\system32\mswsock.dll
0x00007ffc07db0000 - 0x00007ffc07dc6000 	C:\Users\kixaz\.jdks\ms-17.0.18\bin\nio.dll
0x00007ffc21ab0000 - 0x00007ffc21ac0000 	C:\Users\kixaz\.jdks\ms-17.0.18\bin\verify.dll
0x00007ffc11700000 - 0x00007ffc11727000 	C:\Users\kixaz\.gradle\native\660c5614fbf4a5f2a75b1949f50a0caf5cd603558e7d8a26e50b933a0cfb79d1\windows-amd64\native-platform.dll
0x00007ffbf1a40000 - 0x00007ffbf1ab7000 	C:\Users\kixaz\.gradle\native\0.2.8\x86_64-windows-gnu\gradle-fileevents.dll
0x00007ffc21350000 - 0x00007ffc2135a000 	C:\Users\kixaz\.jdks\ms-17.0.18\bin\management.dll
0x00007ffc20ff0000 - 0x00007ffc20ffc000 	C:\Users\kixaz\.jdks\ms-17.0.18\bin\management_ext.dll
0x00007ffc5a3c0000 - 0x00007ffc5a3c8000 	C:\WINDOWS\System32\PSAPI.DLL
0x00007ffc55d40000 - 0x00007ffc55d73000 	C:\WINDOWS\SYSTEM32\IPHLPAPI.DLL
0x00007ffc5a0b0000 - 0x00007ffc5a0ba000 	C:\WINDOWS\System32\NSI.dll
0x00007ffc4fa10000 - 0x00007ffc4fa2d000 	C:\WINDOWS\SYSTEM32\dhcpcsvc6.DLL
0x00007ffc4f1e0000 - 0x00007ffc4f203000 	C:\WINDOWS\SYSTEM32\dhcpcsvc.DLL
0x00007ffc55e30000 - 0x00007ffc55f5a000 	C:\WINDOWS\SYSTEM32\DNSAPI.dll
0x00007ffc17ef0000 - 0x00007ffc17ef9000 	C:\Users\kixaz\.jdks\ms-17.0.18\bin\extnet.dll
0x00007ffc56bc0000 - 0x00007ffc56bdb000 	C:\WINDOWS\SYSTEM32\CRYPTSP.dll
0x00007ffc562b0000 - 0x00007ffc562e9000 	C:\WINDOWS\system32\rsaenh.dll
0x00007ffc56960000 - 0x00007ffc56992000 	C:\WINDOWS\SYSTEM32\USERENV.dll
0x00007ffc574f0000 - 0x00007ffc5751a000 	C:\WINDOWS\SYSTEM32\bcrypt.dll
0x00007ffc56be0000 - 0x00007ffc56bec000 	C:\WINDOWS\SYSTEM32\CRYPTBASE.dll
0x00007ffc143e0000 - 0x00007ffc143ee000 	C:\Users\kixaz\.jdks\ms-17.0.18\bin\sunmscapi.dll
0x00007ffc57c10000 - 0x00007ffc57d87000 	C:\WINDOWS\System32\CRYPT32.dll
0x00007ffc56e00000 - 0x00007ffc56e30000 	C:\WINDOWS\SYSTEM32\ncrypt.dll
0x00007ffc56db0000 - 0x00007ffc56def000 	C:\WINDOWS\SYSTEM32\NTASN1.dll
0x00007ffc48030000 - 0x00007ffc48038000 	C:\WINDOWS\system32\wshunix.dll
0x00007ffc4a180000 - 0x00007ffc4a18b000 	C:\Windows\System32\rasadhlp.dll
0x00007ffc4a340000 - 0x00007ffc4a3c6000 	C:\WINDOWS\System32\fwpuclnt.dll
0x00007ffc4f210000 - 0x00007ffc4f228000 	C:\WINDOWS\system32\napinsp.dll
0x00007ffc4e930000 - 0x00007ffc4e942000 	C:\WINDOWS\System32\winrnr.dll
0x00007ffc4e7d0000 - 0x00007ffc4e7f2000 	C:\WINDOWS\system32\nlansp_c.dll
0x00007ffc4f9e0000 - 0x00007ffc4f9f6000 	C:\WINDOWS\system32\wshbth.dll
0x00007ffbfdc30000 - 0x00007ffbfdc79000 	C:\Users\kixaz\AppData\Local\Temp\jna-102063251\jna4206051223840221515.dll
0x00007ffc59e10000 - 0x00007ffc59fa5000 	C:\WINDOWS\System32\Ole32.dll
0x00007ffc59820000 - 0x00007ffc598ce000 	C:\WINDOWS\System32\clbcatq.dll
0x00007ffc43810000 - 0x00007ffc4382d000 	C:\WINDOWS\SYSTEM32\amsi.dll
0x00007ffbabc70000 - 0x00007ffbac0ea000 	C:\Program Files\Malwarebytes\Anti-Malware\mbamsi64.dll
0x00007ffc58900000 - 0x00007ffc58981000 	C:\WINDOWS\System32\WINTRUST.dll
0x00007ffc403e0000 - 0x00007ffc40401000 	C:\WINDOWS\SYSTEM32\MPR.dll
0x00007ffc405e0000 - 0x00007ffc405fa000 	C:\WINDOWS\SYSTEM32\NETAPI32.dll
0x00007ffc55dd0000 - 0x00007ffc55e20000 	C:\WINDOWS\SYSTEM32\AUTHZ.dll
0x0000019155f70000 - 0x0000019155f73000 	C:\WINDOWS\SYSTEM32\sfc.dll
0x00007ffc55d00000 - 0x00007ffc55d0d000 	C:\WINDOWS\SYSTEM32\NETUTILS.DLL
0x00007ffc3c630000 - 0x00007ffc3c63a000 	C:\WINDOWS\SYSTEM32\sfc_os.DLL
0x00007ffc56c30000 - 0x00007ffc56c43000 	C:\WINDOWS\SYSTEM32\MSASN1.dll
0x00007ffc56920000 - 0x00007ffc56950000 	C:\WINDOWS\SYSTEM32\gpapi.dll
0x00007ffc5aae0000 - 0x00007ffc5ab00000 	C:\WINDOWS\System32\imagehlp.dll
0x00007ffc437f0000 - 0x00007ffc4380a000 	C:\Program Files\Malwarebytes\Anti-Malware\offreg.dll
0x00007ffc334b0000 - 0x00007ffc335b0000 	C:\Program Files\Avast Software\Avast\aswAMSI.dll
0x00007ffc3cdd0000 - 0x00007ffc3ce26000 	C:\WINDOWS\SYSTEM32\Pdh.dll
0x00007ffc43d30000 - 0x00007ffc43d41000 	C:\WINDOWS\System32\perfdisk.dll
0x00007ffc50d40000 - 0x00007ffc50d53000 	C:\WINDOWS\System32\WMICLNT.dll
0x00007ffc54c10000 - 0x00007ffc54cba000 	C:\WINDOWS\system32\uxtheme.dll
0x00007ffc57170000 - 0x00007ffc571c7000 	C:\WINDOWS\SYSTEM32\cfgmgr32.dll
0x00007ffc549e0000 - 0x00007ffc54a09000 	C:\WINDOWS\SYSTEM32\Wtsapi32.dll
0x00007ffc56600000 - 0x00007ffc56649000 	C:\WINDOWS\SYSTEM32\SspiCli.dll
0x00007ffc57200000 - 0x00007ffc57263000 	C:\WINDOWS\SYSTEM32\WINSTA.dll
0x00007ffbe2580000 - 0x00007ffbe2716000 	C:\Users\kixaz\.jdks\ms-17.0.18\bin\awt.dll
0x00007ffc54910000 - 0x00007ffc549af000 	C:\WINDOWS\SYSTEM32\apphelp.dll
0x00007ffc58b50000 - 0x00007ffc58cad000 	C:\WINDOWS\System32\MSCTF.dll
0x00007ffc35290000 - 0x00007ffc352a2000 	C:\WINDOWS\system32\wbem\wbemprox.dll
0x00007ffc352b0000 - 0x00007ffc3532a000 	C:\WINDOWS\SYSTEM32\wbemcomn.dll
0x00007ffc33b90000 - 0x00007ffc33ba5000 	C:\WINDOWS\system32\wbem\wbemsvc.dll
0x00007ffc33bb0000 - 0x00007ffc33ca0000 	C:\WINDOWS\system32\wbem\fastprox.dll
0x00007ffc56480000 - 0x00007ffc564b6000 	C:\WINDOWS\SYSTEM32\ntmarta.dll
0x00007ffc46c80000 - 0x00007ffc46c87000 	C:\Users\kixaz\.jdks\ms-17.0.18\bin\rmi.dll
0x00007ffc23b30000 - 0x00007ffc23b42000 	C:\WINDOWS\System32\perfproc.dll

dbghelp: loaded successfully - version: 4.0.5 - missing functions: none
symbol engine: initialized successfully - sym options: 0x614 - pdb path: .;C:\Users\kixaz\.jdks\ms-17.0.18\bin;C:\WINDOWS\SYSTEM32;C:\Program Files\Avast Software\Avast;C:\WINDOWS\WinSxS\amd64_microsoft.windows.common-controls_6595b64144ccf1df_6.0.26100.7922_none_3e089e1ee3342171;C:\Users\kixaz\.jdks\ms-17.0.18\bin\server;C:\Users\kixaz\.gradle\native\660c5614fbf4a5f2a75b1949f50a0caf5cd603558e7d8a26e50b933a0cfb79d1\windows-amd64;C:\Users\kixaz\.gradle\native\0.2.8\x86_64-windows-gnu;C:\Users\kixaz\AppData\Local\Temp\jna-102063251;C:\Program Files\Malwarebytes\Anti-Malware;C:\WINDOWS\system32\wbem

VM Arguments:
jvm_args: --add-opens=java.base/java.lang=ALL-UNNAMED --add-opens=java.base/java.lang.invoke=ALL-UNNAMED --add-opens=java.base/java.util=ALL-UNNAMED --add-opens=java.prefs/java.util.prefs=ALL-UNNAMED --add-exports=jdk.compiler/com.sun.tools.javac.api=ALL-UNNAMED --add-exports=jdk.compiler/com.sun.tools.javac.util=ALL-UNNAMED --add-opens=java.base/java.util=ALL-UNNAMED --add-opens=java.prefs/java.util.prefs=ALL-UNNAMED --add-opens=java.base/java.nio.charset=ALL-UNNAMED --add-opens=java.base/java.net=ALL-UNNAMED --add-opens=java.base/java.util.concurrent=ALL-UNNAMED --add-opens=java.base/java.util.concurrent.atomic=ALL-UNNAMED --add-opens=java.xml/javax.xml.namespace=ALL-UNNAMED --add-opens=java.base/java.time=ALL-UNNAMED -XX:+UseParallelGC -XX:MaxMetaspaceSize=2g -XX:+HeapDumpOnOutOfMemoryError -Xmx8g -Dfile.encoding=UTF-8 -Duser.country=US -Duser.language=en -Duser.variant -javaagent:C:\Users\kixaz\.gradle\wrapper\dists\gradle-9.3.1-bin\23ovyewtku6u96viwx3xl3oks\gradle-9.3.1\lib\agents\gradle-instrumentation-agent-9.3.1.jar 
java_command: org.gradle.launcher.daemon.bootstrap.GradleDaemon 9.3.1
java_class_path (initial): C:\Users\kixaz\.gradle\wrapper\dists\gradle-9.3.1-bin\23ovyewtku6u96viwx3xl3oks\gradle-9.3.1\lib\gradle-daemon-main-9.3.1.jar
Launcher Type: SUN_STANDARD

[Global flags]
     intx CICompilerCount                          = 3                                         {product} {ergonomic}
     bool HeapDumpOnOutOfMemoryError               = true                                   {manageable} {command line}
   size_t InitialHeapSize                          = 333447168                                 {product} {ergonomic}
   size_t MaxHeapSize                              = 8589934592                                {product} {command line}
   size_t MaxMetaspaceSize                         = 2147483648                                {product} {command line}
   size_t MaxNewSize                               = 2863136768                                {product} {ergonomic}
   size_t MinHeapDeltaBytes                        = 524288                                    {product} {ergonomic}
   size_t MinHeapSize                              = 8388608                                   {product} {ergonomic}
   size_t NewSize                                  = 111149056                                 {product} {ergonomic}
    uintx NonNMethodCodeHeapSize                   = 5832780                                {pd product} {ergonomic}
    uintx NonProfiledCodeHeapSize                  = 122912730                              {pd product} {ergonomic}
   size_t OldSize                                  = 222298112                                 {product} {ergonomic}
    uintx ProfiledCodeHeapSize                     = 122912730                              {pd product} {ergonomic}
    uintx ReservedCodeCacheSize                    = 251658240                              {pd product} {ergonomic}
     bool SegmentedCodeCache                       = true                                      {product} {ergonomic}
   size_t SoftMaxHeapSize                          = 8589934592                             {manageable} {ergonomic}
     bool UseCompressedClassPointers               = true                           {product lp64_product} {ergonomic}
     bool UseCompressedOops                        = true                           {product lp64_product} {ergonomic}
     bool UseLargePagesIndividualAllocation        = false                                  {pd product} {ergonomic}
     bool UseParallelGC                            = true                                      {product} {command line}

Logging:
Log output configuration:
 #0: stdout all=warning uptime,level,tags
 #1: stderr all=off uptime,level,tags

Environment Variables:
JAVA_HOME=C:/Program Files/Android/Android Studio/jbr
PATH=C:\Users\kixaz\bin;C:\Program Files\Git\mingw64\bin;C:\Program Files\Git\usr\local\bin;C:\Program Files\Git\usr\bin;C:\Program Files\Git\usr\bin;C:\Program Files\Git\mingw64\bin;C:\Program Files\Git\usr\bin;C:\Users\kixaz\bin;C:\Program Files\Python314\Scripts;C:\Program Files\Python314;C:\WINDOWS\system32;C:\WINDOWS;C:\WINDOWS\System32\Wbem;C:\WINDOWS\System32\WindowsPowerShell\v1.0;C:\WINDOWS\System32\OpenSSH;C:\Program Files\dotnet;C:\Program Files\Git\cmd;C:\Users\kixaz\AppData\Local\Microsoft\WindowsApps;C:\Users\kixaz\AppData\Local\Python\bin;C:\Users\kixaz\AppData\Local\GitHubDesktop\bin;C:\Users\kixaz\AppData\Local\Programs\Microsoft VS Code\bin;C:\Program Files\Git\usr\bin\vendor_perl;C:\Program Files\Git\usr\bin\core_perl
USERNAME=kixaz
SHELL=C:\Program Files\Git\usr\bin\bash.exe
DISPLAY=needs-to-be-defined
LC_CTYPE=en_US.UTF-8
TERM=xterm
TMPDIR=C:\Users\kixaz\AppData\Local\Temp
OS=Windows_NT
PROCESSOR_IDENTIFIER=Intel64 Family 6 Model 156 Stepping 0, GenuineIntel
TMP=C:\Users\kixaz\AppData\Local\Temp
TEMP=C:\Users\kixaz\AppData\Local\Temp



Periodic native trim disabled


---------------  S Y S T E M  ---------------

OS:
 Windows 11 , 64 bit Build 26100 (10.0.26100.7920)
OS uptime: 6 days 5:00 hours
Hyper-V role detected

CPU: total 4 (initial active 4) (4 cores per cpu, 1 threads per core) family 6 model 156 stepping 0 microcode 0x24000026, cx8, cmov, fxsr, mmx, 3dnowpref, sse, sse2, sse3, ssse3, sse4.1, sse4.2, popcnt, tsc, tscinvbit, aes, erms, clmul, sha, clflush, clflushopt, clwb, hv
Processor Information for the first 4 processors :
  Max Mhz: 1114, Current Mhz: 1114, Mhz Limit: 1114

Memory: 4k page, system-wide physical 20289M (1941M free)
TotalPageFile size 26632M (AvailPageFile size 16M)
current process WorkingSet (physical memory assigned to process): 3686M, peak: 5604M
current process commit charge ("private bytes"): 5613M, peak: 5954M

vm_info: OpenJDK 64-Bit Server VM (17.0.18+8-LTS) for windows-amd64 JRE (17.0.18+8-LTS), built on Jan 15 2026 18:50:45 by "MicrosoftCorporation" with MS VC++ 17.14 (VS2022)

END.
